20251129-20:56:05.000000000 : Created session
20251129-20:56:05.000000000 : Connecting to 127.0.0.1 on port 3000 (Source :0)
20251129-20:56:07.000000000 : Disconnecting
20251129-20:58:59.000000000 : Created session
20251129-20:58:59.000000000 : Connecting to 127.0.0.1 on port 3000 (Source :0)
20251129-20:58:59.000000000 : Initiated logon request
20251129-20:58:59.000000000 : Logon contains ResetSeqNumFlag=Y, reseting sequence numbers to 1
20251129-20:58:59.000000000 : Received logon response
20251129-21:00:09.000000000 : Created session
20251129-21:00:09.000000000 : Connecting to 127.0.0.1 on port 3000 (Source :0)
20251129-21:00:09.000000000 : Initiated logon request
20251129-21:00:09.000000000 : Logon contains ResetSeqNumFlag=Y, reseting sequence numbers to 1
20251129-21:00:09.000000000 : Received logon response
20251129-21:05:04.000000000 : Created session
20251129-21:05:04.000000000 : Connecting to 127.0.0.1 on port 3000 (Source :0)
20251129-21:05:04.000000000 : Initiated logon request
20251129-21:05:04.000000000 : Logon contains ResetSeqNumFlag=Y, reseting sequence numbers to 1
20251129-21:05:04.000000000 : Received logon response
20251129-21:30:02.000000000 : Created session
20251129-21:30:02.000000000 : Connecting to 127.0.0.1 on port 3000 (Source :0)
20251129-21:30:02.000000000 : Initiated logon request
20251129-21:30:02.000000000 : Logon contains ResetSeqNumFlag=Y, reseting sequence numbers to 1
20251129-21:30:02.000000000 : Received logon response
20251129-21:32:06.000000000 : Created session
20251129-21:32:06.000000000 : Connecting to 127.0.0.1 on port 3000 (Source :0)
20251129-21:32:06.000000000 : Initiated logon request
20251129-21:32:06.000000000 : Logon contains ResetSeqNumFlag=Y, reseting sequence numbers to 1
20251129-21:32:06.000000000 : Received logon response
20251129-21:34:38.000000000 : Created session
20251129-21:34:38.000000000 : Connecting to 127.0.0.1 on port 3000 (Source :0)
20251129-21:34:38.000000000 : Initiated logon request
20251129-21:34:38.000000000 : Logon contains ResetSeqNumFlag=Y, reseting sequence numbers to 1
20251129-21:34:38.000000000 : Received logon response
20251129-21:35:13.000000000 : Created session
20251129-21:35:13.000000000 : Connecting to 127.0.0.1 on port 3000 (Source :0)
20251129-21:35:13.000000000 : Initiated logon request
20251129-21:35:13.000000000 : Logon contains ResetSeqNumFlag=Y, reseting sequence numbers to 1
20251129-21:35:13.000000000 : Received logon response
20251129-21:35:46.000000000 : Created session
20251129-21:35:46.000000000 : Connecting to 127.0.0.1 on port 3000 (Source :0)
20251129-21:35:46.000000000 : Initiated logon request
20251129-21:35:46.000000000 : Logon contains ResetSeqNumFlag=Y, reseting sequence numbers to 1
20251129-21:35:46.000000000 : Received logon response
20251129-21:36:19.000000000 : Created session
20251129-21:36:19.000000000 : Connecting to 127.0.0.1 on port 3000 (Source :0)
20251129-21:36:19.000000000 : Initiated logon request
20251129-21:36:19.000000000 : Logon contains ResetSeqNumFlag=Y, reseting sequence numbers to 1
20251129-21:36:19.000000000 : Received logon response
20251129-21:47:46.000000000 : Created session
20251129-21:47:46.000000000 : Connecting to 127.0.0.1 on port 3000 (Source :0)
20251129-21:47:46.000000000 : Initiated logon request
20251129-21:47:46.000000000 : Logon contains ResetSeqNumFlag=Y, reseting sequence numbers to 1
20251129-21:47:46.000000000 : Received logon response
20251129-21:51:31.000000000 : Created session
20251129-21:51:31.000000000 : Connecting to 127.0.0.1 on port 3000 (Source :0)
20251129-21:51:31.000000000 : Initiated logon request
20251129-21:51:31.000000000 : Logon contains ResetSeqNumFlag=Y, reseting sequence numbers to 1
20251129-21:52:57.000000000 : Created session
20251129-21:52:57.000000000 : Connecting to 127.0.0.1 on port 3000 (Source :0)
20251129-21:52:57.000000000 : Initiated logon request
20251129-21:52:57.000000000 : Logon contains ResetSeqNumFlag=Y, reseting sequence numbers to 1
20251129-21:53:23.000000000 : Created session
20251129-21:53:24.000000000 : Connecting to 127.0.0.1 on port 3000 (Source :0)
20251129-21:53:24.000000000 : Initiated logon request
20251129-21:53:24.000000000 : Logon contains ResetSeqNumFlag=Y, reseting sequence numbers to 1
20251129-21:53:24.000000000 : Received logon response
20251129-21:53:24.000000000 : Message 2 Rejected: Conditionally Required Field Missing:44
20251129-21:53:29.000000000 : Message 4 Rejected: Conditionally Required Field Missing:44
20251129-21:53:34.000000000 : Message 6 Rejected: Conditionally Required Field Missing:44
20251129-21:53:39.000000000 : Message 8 Rejected: Conditionally Required Field Missing:44
20251204-13:07:05.000000000 : Created session
20251204-13:07:05.000000000 : Connecting to 127.0.0.1 on port 3000 (Source :0)
20251204-13:07:05.000000000 : Initiated logon request
20251204-13:07:05.000000000 : Logon contains ResetSeqNumFlag=Y, reseting sequence numbers to 1
20251204-13:07:05.000000000 : Received logon response
20251204-13:07:05.000000000 : Message 2 Rejected: Conditionally Required Field Missing:44
20251204-13:07:10.000000000 : Message 4 Rejected: Conditionally Required Field Missing:44
20251204-13:07:15.000000000 : Message 6 Rejected: Conditionally Required Field Missing:44
20251204-13:07:20.000000000 : Message 8 Rejected: Conditionally Required Field Missing:44
20251204-13:18:13.000000000 : Created session
20251204-13:18:13.000000000 : Connecting to 127.0.0.1 on port 3000 (Source :0)
20251204-13:18:13.000000000 : Initiated logon request
20251204-13:18:13.000000000 : Logon contains ResetSeqNumFlag=Y, reseting sequence numbers to 1
20251204-13:18:13.000000000 : Received logon response
20251204-13:18:13.000000000 : Message 2 Rejected: Conditionally Required Field Missing:44
20251204-13:18:18.000000000 : Message 4 Rejected: Conditionally Required Field Missing:44
20251204-13:18:23.000000000 : Message 6 Rejected: Conditionally Required Field Missing:44
20251204-13:18:28.000000000 : Message 8 Rejected: Conditionally Required Field Missing:44
20251204-13:18:44.000000000 : Created session
20251204-13:18:44.000000000 : Connecting to 127.0.0.1 on port 3000 (Source :0)
20251204-13:18:44.000000000 : Initiated logon request
20251204-13:18:44.000000000 : Logon contains ResetSeqNumFlag=Y, reseting sequence numbers to 1
20251204-13:18:44.000000000 : Received logon response
20251204-14:29:41.000000000 : Created session
20251204-14:29:41.000000000 : Connecting to 127.0.0.1 on port 3000 (Source :0)
20251204-14:29:41.000000000 : Initiated logon request
20251204-14:29:41.000000000 : Logon contains ResetSeqNumFlag=Y, reseting sequence numbers to 1
20251204-14:29:41.000000000 : Received logon response
20251204-14:30:47.000000000 : Created session
20251204-14:30:47.000000000 : Connecting to 127.0.0.1 on port 3000 (Source :0)
20251204-14:30:47.000000000 : Initiated logon request
20251204-14:30:47.000000000 : Logon contains ResetSeqNumFlag=Y, reseting sequence numbers to 1
20251204-14:30:47.000000000 : Received logon response
20251204-14:30:47.000000000 : Message 2 Rejected: Conditionally Required Field Missing:44
20251204-14:30:52.000000000 : Message 4 Rejected: Conditionally Required Field Missing:44
20251204-14:30:57.000000000 : Message 6 Rejected: Conditionally Required Field Missing:44
20251204-14:31:02.000000000 : Message 8 Rejected: Conditionally Required Field Missing:44
20251204-14:32:14.000000000 : Created session
20251204-14:32:14.000000000 : Connecting to 127.0.0.1 on port 3000 (Source :0)
20251204-14:32:14.000000000 : Initiated logon request
20251204-14:32:14.000000000 : Logon contains ResetSeqNumFlag=Y, reseting sequence numbers to 1
20251204-14:32:14.000000000 : Received logon response
20251204-14:32:14.000000000 : Message 2 Rejected: Conditionally Required Field Missing:44
20251204-14:32:19.000000000 : Message 4 Rejected: Conditionally Required Field Missing:44
20251204-14:32:24.000000000 : Message 6 Rejected: Conditionally Required Field Missing:44
20251204-14:32:29.000000000 : Message 8 Rejected: Conditionally Required Field Missing:44
20251204-14:35:16.000000000 : Created session
20251204-14:35:16.000000000 : Connecting to 127.0.0.1 on port 3000 (Source :0)
20251204-14:35:16.000000000 : Initiated logon request
20251204-14:35:16.000000000 : Logon contains ResetSeqNumFlag=Y, reseting sequence numbers to 1
20251204-14:35:16.000000000 : Received logon response
20251204-14:35:17.000000000 : Message 2 Rejected: Conditionally Required Field Missing:44
20251204-14:35:21.000000000 : Message 4 Rejected: Conditionally Required Field Missing:44
20251204-14:35:26.000000000 : Message 6 Rejected: Conditionally Required Field Missing:44
20251204-14:35:31.000000000 : Message 8 Rejected: Conditionally Required Field Missing:44
20251204-14:39:42.000000000 : Created session
20251204-14:39:42.000000000 : Connecting to 127.0.0.1 on port 3000 (Source :0)
20251204-14:39:42.000000000 : Initiated logon request
20251204-14:39:42.000000000 : Logon contains ResetSeqNumFlag=Y, reseting sequence numbers to 1
20251204-14:39:42.000000000 : Received logon response
20251204-14:40:31.000000000 : Created session
20251204-14:40:31.000000000 : Connecting to 127.0.0.1 on port 3000 (Source :0)
20251204-14:40:31.000000000 : Initiated logon request
20251204-14:40:31.000000000 : Logon contains ResetSeqNumFlag=Y, reseting sequence numbers to 1
20251204-14:40:31.000000000 : Received logon response
20251204-14:41:37.000000000 : Created session
20251204-14:41:37.000000000 : Connecting to 127.0.0.1 on port 3000 (Source :0)
20251204-14:41:37.000000000 : Initiated logon request
20251204-14:41:37.000000000 : Logon contains ResetSeqNumFlag=Y, reseting sequence numbers to 1
20251204-14:41:37.000000000 : Received logon response
20251204-14:44:07.000000000 : Created session
20251204-14:44:07.000000000 : Connecting to 127.0.0.1 on port 3000 (Source :0)
20251204-14:44:07.000000000 : Initiated logon request
20251204-14:44:07.000000000 : Logon contains ResetSeqNumFlag=Y, reseting sequence numbers to 1
20251204-14:44:07.000000000 : Received logon response
20251204-14:45:23.000000000 : Created session
20251204-14:45:23.000000000 : Connecting to 127.0.0.1 on port 3000 (Source :0)
20251204-14:45:23.000000000 : Initiated logon request
20251204-14:45:23.000000000 : Logon contains ResetSeqNumFlag=Y, reseting sequence numbers to 1
20251204-14:45:23.000000000 : Received logon response
20251204-14:45:23.000000000 : Message 2 Rejected: Conditionally Required Field Missing:44
20251204-14:45:28.000000000 : Message 4 Rejected: Conditionally Required Field Missing:44
20251204-14:45:33.000000000 : Message 6 Rejected: Conditionally Required Field Missing:44
20251204-14:45:38.000000000 : Message 8 Rejected: Conditionally Required Field Missing:44
20251204-14:59:20.000000000 : Created session
20251204-14:59:20.000000000 : Connecting to 127.0.0.1 on port 3000 (Source :0)
20251204-14:59:20.000000000 : Initiated logon request
20251204-14:59:20.000000000 : Logon contains ResetSeqNumFlag=Y, reseting sequence numbers to 1
20251204-14:59:20.000000000 : Received logon response
20251204-14:59:20.000000000 : Message 2 Rejected: Conditionally Required Field Missing:44
20251204-14:59:25.000000000 : Message 4 Rejected: Conditionally Required Field Missing:44
20251204-14:59:30.000000000 : Message 6 Rejected: Conditionally Required Field Missing:44
20251204-14:59:35.000000000 : Message 8 Rejected: Conditionally Required Field Missing:44
20251204-15:00:00.000000000 : Created session
20251204-15:00:00.000000000 : Connecting to 127.0.0.1 on port 3000 (Source :0)
20251204-15:00:00.000000000 : Initiated logon request
20251204-15:00:00.000000000 : Logon contains ResetSeqNumFlag=Y, reseting sequence numbers to 1
20251204-15:00:00.000000000 : Received logon response
20251204-15:00:00.000000000 : Message 2 Rejected: Conditionally Required Field Missing:44
20251204-15:00:05.000000000 : Message 4 Rejected: Conditionally Required Field Missing:44
20251204-15:00:10.000000000 : Message 6 Rejected: Conditionally Required Field Missing:44
20251204-15:00:15.000000000 : Message 8 Rejected: Conditionally Required Field Missing:44
20251204-15:25:47.000000000 : Created session
20251204-15:25:47.000000000 : Connecting to 127.0.0.1 on port 3000 (Source :0)
20251204-15:25:47.000000000 : Initiated logon request
20251204-15:25:47.000000000 : Logon contains ResetSeqNumFlag=Y, reseting sequence numbers to 1
20251204-15:25:47.000000000 : Received logon response
20251204-15:25:47.000000000 : Message 2 Rejected: Conditionally Required Field Missing:44
20251204-15:25:52.000000000 : Message 4 Rejected: Conditionally Required Field Missing:44
20251204-15:25:57.000000000 : Message 6 Rejected: Conditionally Required Field Missing:44
20251204-15:26:02.000000000 : Message 8 Rejected: Conditionally Required Field Missing:44
20251204-15:26:30.000000000 : Created session
20251204-15:26:30.000000000 : Connecting to 127.0.0.1 on port 3000 (Source :0)
20251204-15:26:30.000000000 : Initiated logon request
20251204-15:26:30.000000000 : Logon contains ResetSeqNumFlag=Y, reseting sequence numbers to 1
20251204-15:26:30.000000000 : Received logon response
20251204-15:26:30.000000000 : Message 2 Rejected: Conditionally Required Field Missing:44
20251204-15:26:35.000000000 : Message 4 Rejected: Conditionally Required Field Missing:44
20251204-15:26:40.000000000 : Message 6 Rejected: Conditionally Required Field Missing:44
20251204-15:26:45.000000000 : Message 8 Rejected: Conditionally Required Field Missing:44
20251204-15:27:15.000000000 : Created session
20251204-15:27:15.000000000 : Connecting to 127.0.0.1 on port 3000 (Source :0)
20251204-15:27:15.000000000 : Initiated logon request
20251204-15:27:15.000000000 : Logon contains ResetSeqNumFlag=Y, reseting sequence numbers to 1
20251204-15:27:15.000000000 : Received logon response
20251204-15:27:15.000000000 : Message 2 Rejected: Conditionally Required Field Missing:44
20251204-15:27:20.000000000 : Message 4 Rejected: Conditionally Required Field Missing:44
20251204-15:27:25.000000000 : Message 6 Rejected: Conditionally Required Field Missing:44
20251204-15:27:30.000000000 : Message 8 Rejected: Conditionally Required Field Missing:44
20251204-15:34:06.000000000 : Created session
20251204-15:34:06.000000000 : Connecting to 127.0.0.1 on port 3000 (Source :0)
20251204-15:34:06.000000000 : Initiated logon request
20251204-15:34:06.000000000 : Logon contains ResetSeqNumFlag=Y, reseting sequence numbers to 1
20251204-15:34:06.000000000 : Received logon response
20251204-15:34:07.000000000 : Message 2 Rejected: Conditionally Required Field Missing:44
20251204-15:34:12.000000000 : Message 4 Rejected: Conditionally Required Field Missing:44
20251204-15:34:17.000000000 : Message 6 Rejected: Conditionally Required Field Missing:44
20251204-15:34:22.000000000 : Message 8 Rejected: Conditionally Required Field Missing:44
20251204-15:34:28.000000000 : Created session
20251204-15:34:28.000000000 : Connecting to 127.0.0.1 on port 3000 (Source :0)
20251204-15:34:28.000000000 : Initiated logon request
20251204-15:34:28.000000000 : Logon contains ResetSeqNumFlag=Y, reseting sequence numbers to 1
20251204-15:34:28.000000000 : Received logon response
20251204-15:34:28.000000000 : Message 2 Rejected: Conditionally Required Field Missing:44
20251204-15:34:33.000000000 : Message 4 Rejected: Conditionally Required Field Missing:44
20251204-15:34:38.000000000 : Message 6 Rejected: Conditionally Required Field Missing:44
20251204-15:34:43.000000000 : Message 8 Rejected: Conditionally Required Field Missing:44
20251204-15:38:17.000000000 : Created session
20251204-15:38:17.000000000 : Connecting to 127.0.0.1 on port 3000 (Source :0)
20251204-15:38:17.000000000 : Initiated logon request
20251204-15:38:17.000000000 : Logon contains ResetSeqNumFlag=Y, reseting sequence numbers to 1
20251204-15:38:17.000000000 : Received logon response
20251204-15:39:05.000000000 : Created session
20251204-15:39:05.000000000 : Connecting to 127.0.0.1 on port 3000 (Source :0)
20251204-15:39:05.000000000 : Initiated logon request
20251204-15:39:05.000000000 : Logon contains ResetSeqNumFlag=Y, reseting sequence numbers to 1
20251204-15:39:05.000000000 : Received logon response
20251204-15:41:20.000000000 : Created session
20251204-15:41:20.000000000 : Connecting to 127.0.0.1 on port 3000 (Source :0)
20251204-15:41:20.000000000 : Initiated logon request
20251204-15:41:20.000000000 : Logon contains ResetSeqNumFlag=Y, reseting sequence numbers to 1
20251204-15:41:20.000000000 : Received logon response
20251204-15:42:40.000000000 : Created session
20251204-15:42:40.000000000 : Connecting to 127.0.0.1 on port 3000 (Source :0)
20251204-15:42:40.000000000 : Initiated logon request
20251204-15:42:40.000000000 : Logon contains ResetSeqNumFlag=Y, reseting sequence numbers to 1
20251204-15:42:40.000000000 : Received logon response
20251204-15:43:16.000000000 : Created session
20251204-15:43:16.000000000 : Connecting to 127.0.0.1 on port 3000 (Source :0)
20251204-15:43:16.000000000 : Initiated logon request
20251204-15:43:16.000000000 : Logon contains ResetSeqNumFlag=Y, reseting sequence numbers to 1
20251204-15:43:16.000000000 : Received logon response
20251204-15:46:14.000000000 : Created session
20251204-15:46:14.000000000 : Connecting to 127.0.0.1 on port 3000 (Source :0)
20251204-15:46:14.000000000 : Initiated logon request
20251204-15:46:14.000000000 : Logon contains ResetSeqNumFlag=Y, reseting sequence numbers to 1
20251204-15:46:14.000000000 : Received logon response
20251204-15:46:14.000000000 : Message 2 Rejected: Conditionally Required Field Missing:44
20251204-15:46:19.000000000 : Message 4 Rejected: Conditionally Required Field Missing:44
20251204-15:46:24.000000000 : Message 6 Rejected: Conditionally Required Field Missing:44
20251204-15:46:29.000000000 : Message 8 Rejected: Conditionally Required Field Missing:44
20251205-04:47:55.000000000 : Created session
20251205-04:47:55.000000000 : Connecting to 127.0.0.1 on port 3000 (Source :0)
20251205-04:47:55.000000000 : Initiated logon request
20251205-04:47:55.000000000 : Logon contains ResetSeqNumFlag=Y, reseting sequence numbers to 1
20251205-04:47:55.000000000 : Received logon response
20251205-06:44:33.000000000 : Created session
20251205-06:44:33.000000000 : Connecting to 127.0.0.1 on port 3000 (Source :0)
20251205-06:44:33.000000000 : Initiated logon request
20251205-06:44:33.000000000 : Logon contains ResetSeqNumFlag=Y, reseting sequence numbers to 1
20251205-06:44:33.000000000 : Received logon response
20251205-06:44:52.000000000 : Created session
20251205-06:44:52.000000000 : Connecting to 127.0.0.1 on port 3000 (Source :0)
20251205-06:44:52.000000000 : Initiated logon request
20251205-06:44:52.000000000 : Logon contains ResetSeqNumFlag=Y, reseting sequence numbers to 1
20251205-06:44:52.000000000 : Received logon response
20251205-06:49:53.000000000 : Created session
20251205-06:49:53.000000000 : Connecting to 127.0.0.1 on port 3000 (Source :0)
20251205-06:49:53.000000000 : Initiated logon request
20251205-06:49:53.000000000 : Logon contains ResetSeqNumFlag=Y, reseting sequence numbers to 1
20251205-06:49:53.000000000 : Received logon response
20251205-06:50:35.000000000 : Created session
20251205-06:50:35.000000000 : Connecting to 127.0.0.1 on port 3000 (Source :0)
20251205-06:50:35.000000000 : Initiated logon request
20251205-06:50:35.000000000 : Logon contains ResetSeqNumFlag=Y, reseting sequence numbers to 1
20251205-06:50:35.000000000 : Received logon response
20251205-06:53:16.000000000 : Created session
20251205-06:53:16.000000000 : Connecting to 127.0.0.1 on port 3000 (Source :0)
20251205-06:53:16.000000000 : Initiated logon request
20251205-06:53:16.000000000 : Logon contains ResetSeqNumFlag=Y, reseting sequence numbers to 1
20251205-06:53:16.000000000 : Received logon response
20251205-06:53:47.000000000 : Created session
20251205-06:53:47.000000000 : Connecting to 127.0.0.1 on port 3000 (Source :0)
20251205-06:53:47.000000000 : Initiated logon request
20251205-06:53:47.000000000 : Logon contains ResetSeqNumFlag=Y, reseting sequence numbers to 1
20251205-06:53:47.000000000 : Received logon response
20251205-06:55:59.000000000 : Created session
20251205-06:55:59.000000000 : Connecting to 127.0.0.1 on port 3000 (Source :0)
20251205-06:55:59.000000000 : Initiated logon request
20251205-06:55:59.000000000 : Logon contains ResetSeqNumFlag=Y, reseting sequence numbers to 1
20251205-06:55:59.000000000 : Received logon response
20251205-07:01:27.000000000 : Created session
20251205-07:01:27.000000000 : Connecting to 127.0.0.1 on port 3000 (Source :0)
20251205-07:01:27.000000000 : Initiated logon request
20251205-07:01:27.000000000 : Logon contains ResetSeqNumFlag=Y, reseting sequence numbers to 1
20251205-07:01:27.000000000 : Received logon response
