2025-11-28 09:58:48,727 : onCreate : Session (FIX.4.3:SERVER->CLIENT)
2025-11-28 09:59:03,740 : (Admin) R << 8=FIX.4.3|9=73|35=A|34=1|49=CLIENT|52=20251128-17:59:03.000|56=SERVER|98=0|108=30|141=Y|10=192|
2025-11-28 09:59:03,742 : (Admin) S >> 8=FIX.4.3|9=73|35=A|34=1|49=SERVER|52=20251128-17:59:03.000|56=CLIENT|98=0|108=30|141=Y|10=192|
2025-11-28 09:59:03,743 : Successful Logon to session 'FIX.4.3:SERVER->CLIENT'.
2025-11-28 09:59:33,166 : (Admin) S >> 8=FIX.4.3|9=55|35=0|34=2|49=SERVER|52=20251128-17:59:33.000|56=CLIENT|10=109|
2025-11-28 09:59:33,170 : (Admin) R << 8=FIX.4.3|9=55|35=0|34=2|49=CLIENT|52=20251128-17:59:33.000|56=SERVER|10=109|
2025-11-28 09:59:55,524 : (App) R << 8=FIX.4.3|9=151|35=D|34=3|49=CLIENT|52=20251128-17:59:55.000|56=SERVER|11=00001|21=3|38=10000|40=2|44=100|54=1|55=MSFT|58=NewOrderSingle|59=0|60=20251128-09:59:55.517|10=108|
2025-11-28 09:59:55,526 : (App) S >> 8=FIX.4.3|9=152|35=8|34=3|49=SERVER|52=20251128-17:59:55.000|56=CLIENT|6=100|11=00001|14=10000|17=00001|31=100|32=10000|37=00001|38=10000|39=2|54=1|55=MSFT|150=2|151=0|10=004|
2025-11-28 09:59:59,006 : (App) R << 8=FIX.4.3|9=151|35=D|34=4|49=CLIENT|52=20251128-17:59:59.000|56=SERVER|11=00002|21=3|38=10000|40=2|44=100|54=1|55=MSFT|58=NewOrderSingle|59=0|60=20251128-09:59:59.005|10=110|
2025-11-28 09:59:59,007 : (App) S >> 8=FIX.4.3|9=152|35=8|34=4|49=SERVER|52=20251128-17:59:59.000|56=CLIENT|6=100|11=00002|14=10000|17=00002|31=100|32=10000|37=00002|38=10000|39=2|54=1|55=MSFT|150=2|151=0|10=012|
2025-11-28 10:00:29,462 : (Admin) R << 8=FIX.4.3|9=55|35=0|34=5|49=CLIENT|52=20251128-18:00:29.000|56=SERVER|10=104|
2025-11-28 10:00:29,463 : (Admin) S >> 8=FIX.4.3|9=55|35=0|34=5|49=SERVER|52=20251128-18:00:29.000|56=CLIENT|10=104|
2025-11-28 10:00:59,689 : (Admin) R << 8=FIX.4.3|9=55|35=0|34=6|49=CLIENT|52=20251128-18:00:59.000|56=SERVER|10=108|
2025-11-28 10:00:59,689 : (Admin) S >> 8=FIX.4.3|9=55|35=0|34=6|49=SERVER|52=20251128-18:00:59.000|56=CLIENT|10=108|
2025-11-28 10:01:29,146 : (Admin) S >> 8=FIX.4.3|9=55|35=0|34=7|49=SERVER|52=20251128-18:01:29.000|56=CLIENT|10=107|
2025-11-28 10:01:29,152 : (Admin) R << 8=FIX.4.3|9=55|35=0|34=7|49=CLIENT|52=20251128-18:01:29.000|56=SERVER|10=107|
2025-11-28 10:01:59,202 : (Admin) R << 8=FIX.4.3|9=55|35=0|34=8|49=CLIENT|52=20251128-18:01:59.000|56=SERVER|10=111|
2025-11-28 10:01:59,203 : (Admin) S >> 8=FIX.4.3|9=55|35=0|34=8|49=SERVER|52=20251128-18:01:59.000|56=CLIENT|10=111|
2025-11-28 10:02:29,494 : (Admin) R << 8=FIX.4.3|9=55|35=0|34=9|49=CLIENT|52=20251128-18:02:29.000|56=SERVER|10=110|
2025-11-28 10:02:29,495 : (Admin) S >> 8=FIX.4.3|9=55|35=0|34=9|49=SERVER|52=20251128-18:02:29.000|56=CLIENT|10=110|
2025-11-28 10:02:59,774 : (Admin) R << 8=FIX.4.3|9=56|35=0|34=10|49=CLIENT|52=20251128-18:02:59.000|56=SERVER|10=154|
2025-11-28 10:02:59,774 : (Admin) S >> 8=FIX.4.3|9=56|35=0|34=10|49=SERVER|52=20251128-18:02:59.000|56=CLIENT|10=154|
2025-11-28 10:03:29,004 : (Admin) R << 8=FIX.4.3|9=56|35=0|34=11|49=CLIENT|52=20251128-18:03:29.000|56=SERVER|10=153|
2025-11-28 10:03:29,004 : (Admin) S >> 8=FIX.4.3|9=56|35=0|34=11|49=SERVER|52=20251128-18:03:29.000|56=CLIENT|10=153|
2025-11-28 10:03:59,292 : (Admin) R << 8=FIX.4.3|9=56|35=0|34=12|49=CLIENT|52=20251128-18:03:59.000|56=SERVER|10=157|
2025-11-28 10:03:59,293 : (Admin) S >> 8=FIX.4.3|9=56|35=0|34=12|49=SERVER|52=20251128-18:03:59.000|56=CLIENT|10=157|
2025-11-28 10:04:29,552 : (Admin) R << 8=FIX.4.3|9=56|35=0|34=13|49=CLIENT|52=20251128-18:04:29.000|56=SERVER|10=156|
2025-11-28 10:04:29,552 : (Admin) S >> 8=FIX.4.3|9=56|35=0|34=13|49=SERVER|52=20251128-18:04:29.000|56=CLIENT|10=156|
2025-11-28 10:04:59,083 : (Admin) S >> 8=FIX.4.3|9=56|35=0|34=14|49=SERVER|52=20251128-18:04:59.000|56=CLIENT|10=160|
2025-11-28 10:04:59,086 : (Admin) R << 8=FIX.4.3|9=56|35=0|34=14|49=CLIENT|52=20251128-18:04:59.000|56=SERVER|10=160|
2025-11-28 10:05:29,073 : (Admin) R << 8=FIX.4.3|9=56|35=0|34=15|49=CLIENT|52=20251128-18:05:29.000|56=SERVER|10=159|
2025-11-28 10:05:29,074 : (Admin) S >> 8=FIX.4.3|9=56|35=0|34=15|49=SERVER|52=20251128-18:05:29.000|56=CLIENT|10=159|
2025-11-28 10:05:59,373 : (Admin) R << 8=FIX.4.3|9=56|35=0|34=16|49=CLIENT|52=20251128-18:05:59.000|56=SERVER|10=163|
2025-11-28 10:05:59,374 : (Admin) S >> 8=FIX.4.3|9=56|35=0|34=16|49=SERVER|52=20251128-18:05:59.000|56=CLIENT|10=163|
2025-11-28 10:06:29,678 : (Admin) R << 8=FIX.4.3|9=56|35=0|34=17|49=CLIENT|52=20251128-18:06:29.000|56=SERVER|10=162|
2025-11-28 10:06:29,679 : (Admin) S >> 8=FIX.4.3|9=56|35=0|34=17|49=SERVER|52=20251128-18:06:29.000|56=CLIENT|10=162|
2025-11-28 10:06:59,149 : (Admin) S >> 8=FIX.4.3|9=56|35=0|34=18|49=SERVER|52=20251128-18:06:59.000|56=CLIENT|10=166|
2025-11-28 10:06:59,152 : (Admin) R << 8=FIX.4.3|9=56|35=0|34=18|49=CLIENT|52=20251128-18:06:59.000|56=SERVER|10=166|
2025-11-28 10:07:29,193 : (Admin) R << 8=FIX.4.3|9=56|35=0|34=19|49=CLIENT|52=20251128-18:07:29.000|56=SERVER|10=165|
2025-11-28 10:07:29,195 : (Admin) S >> 8=FIX.4.3|9=56|35=0|34=19|49=SERVER|52=20251128-18:07:29.000|56=CLIENT|10=165|
2025-11-28 10:07:59,488 : (Admin) R << 8=FIX.4.3|9=56|35=0|34=20|49=CLIENT|52=20251128-18:07:59.000|56=SERVER|10=160|
2025-11-28 10:07:59,489 : (Admin) S >> 8=FIX.4.3|9=56|35=0|34=20|49=SERVER|52=20251128-18:07:59.000|56=CLIENT|10=160|
2025-11-28 10:08:29,766 : (Admin) R << 8=FIX.4.3|9=56|35=0|34=21|49=CLIENT|52=20251128-18:08:29.000|56=SERVER|10=159|
2025-11-28 10:08:29,767 : (Admin) S >> 8=FIX.4.3|9=56|35=0|34=21|49=SERVER|52=20251128-18:08:29.000|56=CLIENT|10=159|
2025-11-28 10:08:59,156 : (Admin) S >> 8=FIX.4.3|9=56|35=0|34=22|49=SERVER|52=20251128-18:08:59.000|56=CLIENT|10=163|
2025-11-28 10:08:59,163 : (Admin) R << 8=FIX.4.3|9=56|35=0|34=22|49=CLIENT|52=20251128-18:08:59.000|56=SERVER|10=163|
2025-11-28 10:09:29,222 : (Admin) R << 8=FIX.4.3|9=56|35=0|34=23|49=CLIENT|52=20251128-18:09:29.000|56=SERVER|10=162|
2025-11-28 10:09:29,223 : (Admin) S >> 8=FIX.4.3|9=56|35=0|34=23|49=SERVER|52=20251128-18:09:29.000|56=CLIENT|10=162|
2025-11-28 10:09:59,538 : (Admin) R << 8=FIX.4.3|9=56|35=0|34=24|49=CLIENT|52=20251128-18:09:59.000|56=SERVER|10=166|
2025-11-28 10:09:59,540 : (Admin) S >> 8=FIX.4.3|9=56|35=0|34=24|49=SERVER|52=20251128-18:09:59.000|56=CLIENT|10=166|
2025-11-28 10:10:29,075 : (Admin) S >> 8=FIX.4.3|9=56|35=0|34=25|49=SERVER|52=20251128-18:10:29.000|56=CLIENT|10=156|
2025-11-28 10:10:29,081 : (Admin) R << 8=FIX.4.3|9=56|35=0|34=25|49=CLIENT|52=20251128-18:10:29.000|56=SERVER|10=156|
2025-11-28 10:10:59,173 : (Admin) R << 8=FIX.4.3|9=56|35=0|34=26|49=CLIENT|52=20251128-18:10:59.000|56=SERVER|10=160|
2025-11-28 10:10:59,174 : (Admin) S >> 8=FIX.4.3|9=56|35=0|34=26|49=SERVER|52=20251128-18:10:59.000|56=CLIENT|10=160|
2025-11-28 10:11:29,473 : (Admin) R << 8=FIX.4.3|9=56|35=0|34=27|49=CLIENT|52=20251128-18:11:29.000|56=SERVER|10=159|
2025-11-28 10:11:29,475 : (Admin) S >> 8=FIX.4.3|9=56|35=0|34=27|49=SERVER|52=20251128-18:11:29.000|56=CLIENT|10=159|
2025-11-28 10:11:59,760 : (Admin) R << 8=FIX.4.3|9=56|35=0|34=28|49=CLIENT|52=20251128-18:11:59.000|56=SERVER|10=163|
2025-11-28 10:11:59,761 : (Admin) S >> 8=FIX.4.3|9=56|35=0|34=28|49=SERVER|52=20251128-18:11:59.000|56=CLIENT|10=163|
2025-11-28 10:12:29,006 : (Admin) R << 8=FIX.4.3|9=56|35=0|34=29|49=CLIENT|52=20251128-18:12:29.000|56=SERVER|10=162|
2025-11-28 10:12:29,008 : (Admin) S >> 8=FIX.4.3|9=56|35=0|34=29|49=SERVER|52=20251128-18:12:29.000|56=CLIENT|10=162|
2025-11-28 10:12:59,280 : (Admin) R << 8=FIX.4.3|9=56|35=0|34=30|49=CLIENT|52=20251128-18:12:59.000|56=SERVER|10=157|
2025-11-28 10:12:59,280 : (Admin) S >> 8=FIX.4.3|9=56|35=0|34=30|49=SERVER|52=20251128-18:12:59.000|56=CLIENT|10=157|
2025-11-28 10:13:29,603 : (Admin) R << 8=FIX.4.3|9=56|35=0|34=31|49=CLIENT|52=20251128-18:13:29.000|56=SERVER|10=156|
2025-11-28 10:13:29,604 : (Admin) S >> 8=FIX.4.3|9=56|35=0|34=31|49=SERVER|52=20251128-18:13:29.000|56=CLIENT|10=156|
2025-11-28 10:13:59,201 : (Admin) S >> 8=FIX.4.3|9=56|35=0|34=32|49=SERVER|52=20251128-18:13:59.000|56=CLIENT|10=160|
2025-11-28 10:13:59,203 : (Admin) R << 8=FIX.4.3|9=56|35=0|34=32|49=CLIENT|52=20251128-18:13:59.000|56=SERVER|10=160|
2025-11-28 10:14:29,181 : (Admin) R << 8=FIX.4.3|9=56|35=0|34=33|49=CLIENT|52=20251128-18:14:29.000|56=SERVER|10=159|
2025-11-28 10:14:29,181 : (Admin) S >> 8=FIX.4.3|9=56|35=0|34=33|49=SERVER|52=20251128-18:14:29.000|56=CLIENT|10=159|
2025-11-28 10:14:59,427 : (Admin) R << 8=FIX.4.3|9=56|35=0|34=34|49=CLIENT|52=20251128-18:14:59.000|56=SERVER|10=163|
2025-11-28 10:14:59,429 : (Admin) S >> 8=FIX.4.3|9=56|35=0|34=34|49=SERVER|52=20251128-18:14:59.000|56=CLIENT|10=163|
2025-11-28 10:15:29,062 : (Admin) S >> 8=FIX.4.3|9=56|35=0|34=35|49=SERVER|52=20251128-18:15:29.000|56=CLIENT|10=162|
2025-11-28 10:15:29,069 : (Admin) R << 8=FIX.4.3|9=56|35=0|34=35|49=CLIENT|52=20251128-18:15:29.000|56=SERVER|10=162|
2025-11-28 10:15:59,304 : (Admin) S >> 8=FIX.4.3|9=56|35=0|34=36|49=SERVER|52=20251128-18:15:59.000|56=CLIENT|10=166|
2025-11-28 10:15:59,310 : (Admin) R << 8=FIX.4.3|9=56|35=0|34=36|49=CLIENT|52=20251128-18:15:59.000|56=SERVER|10=166|
2025-11-28 10:16:29,102 : (Admin) R << 8=FIX.4.3|9=56|35=0|34=37|49=CLIENT|52=20251128-18:16:29.000|56=SERVER|10=165|
2025-11-28 10:16:29,103 : (Admin) S >> 8=FIX.4.3|9=56|35=0|34=37|49=SERVER|52=20251128-18:16:29.000|56=CLIENT|10=165|
2025-11-28 10:16:59,283 : (Admin) R << 8=FIX.4.3|9=56|35=0|34=38|49=CLIENT|52=20251128-18:16:59.000|56=SERVER|10=169|
2025-11-28 10:16:59,284 : (Admin) S >> 8=FIX.4.3|9=56|35=0|34=38|49=SERVER|52=20251128-18:16:59.000|56=CLIENT|10=169|
2025-11-28 10:17:29,537 : (Admin) R << 8=FIX.4.3|9=56|35=0|34=39|49=CLIENT|52=20251128-18:17:29.000|56=SERVER|10=168|
2025-11-28 10:17:29,540 : (Admin) S >> 8=FIX.4.3|9=56|35=0|34=39|49=SERVER|52=20251128-18:17:29.000|56=CLIENT|10=168|
2025-11-28 10:17:59,197 : (Admin) S >> 8=FIX.4.3|9=56|35=0|34=40|49=SERVER|52=20251128-18:17:59.000|56=CLIENT|10=163|
2025-11-28 10:17:59,205 : (Admin) R << 8=FIX.4.3|9=56|35=0|34=40|49=CLIENT|52=20251128-18:17:59.000|56=SERVER|10=163|
2025-11-28 10:18:29,465 : (Admin) S >> 8=FIX.4.3|9=56|35=0|34=41|49=SERVER|52=20251128-18:18:29.000|56=CLIENT|10=162|
2025-11-28 10:18:29,472 : (Admin) R << 8=FIX.4.3|9=56|35=0|34=41|49=CLIENT|52=20251128-18:18:29.000|56=SERVER|10=162|
2025-11-28 10:18:59,262 : (Admin) R << 8=FIX.4.3|9=56|35=0|34=42|49=CLIENT|52=20251128-18:18:59.000|56=SERVER|10=166|
2025-11-28 10:18:59,264 : (Admin) S >> 8=FIX.4.3|9=56|35=0|34=42|49=SERVER|52=20251128-18:18:59.000|56=CLIENT|10=166|
2025-11-28 10:19:29,503 : (Admin) R << 8=FIX.4.3|9=56|35=0|34=43|49=CLIENT|52=20251128-18:19:29.000|56=SERVER|10=165|
2025-11-28 10:19:29,505 : (Admin) S >> 8=FIX.4.3|9=56|35=0|34=43|49=SERVER|52=20251128-18:19:29.000|56=CLIENT|10=165|
2025-11-28 10:19:59,171 : (Admin) S >> 8=FIX.4.3|9=56|35=0|34=44|49=SERVER|52=20251128-18:19:59.000|56=CLIENT|10=169|
2025-11-28 10:19:59,177 : (Admin) R << 8=FIX.4.3|9=56|35=0|34=44|49=CLIENT|52=20251128-18:19:59.000|56=SERVER|10=169|
2025-11-28 10:20:29,425 : (Admin) S >> 8=FIX.4.3|9=56|35=0|34=45|49=SERVER|52=20251128-18:20:29.000|56=CLIENT|10=159|
2025-11-28 10:20:29,427 : (Admin) R << 8=FIX.4.3|9=56|35=0|34=45|49=CLIENT|52=20251128-18:20:29.000|56=SERVER|10=159|
2025-11-28 10:20:59,233 : (Admin) R << 8=FIX.4.3|9=56|35=0|34=46|49=CLIENT|52=20251128-18:20:59.000|56=SERVER|10=163|
2025-11-28 10:20:59,235 : (Admin) S >> 8=FIX.4.3|9=56|35=0|34=46|49=SERVER|52=20251128-18:20:59.000|56=CLIENT|10=163|
2025-11-28 10:21:29,461 : (Admin) R << 8=FIX.4.3|9=56|35=0|34=47|49=CLIENT|52=20251128-18:21:29.000|56=SERVER|10=162|
2025-11-28 10:21:29,462 : (Admin) S >> 8=FIX.4.3|9=56|35=0|34=47|49=SERVER|52=20251128-18:21:29.000|56=CLIENT|10=162|
2025-11-28 10:21:59,136 : (Admin) S >> 8=FIX.4.3|9=56|35=0|34=48|49=SERVER|52=20251128-18:21:59.000|56=CLIENT|10=166|
2025-11-28 10:21:59,143 : (Admin) R << 8=FIX.4.3|9=56|35=0|34=48|49=CLIENT|52=20251128-18:21:59.000|56=SERVER|10=166|
2025-11-28 10:22:29,420 : (Admin) S >> 8=FIX.4.3|9=56|35=0|34=49|49=SERVER|52=20251128-18:22:29.000|56=CLIENT|10=165|
2025-11-28 10:22:29,424 : (Admin) R << 8=FIX.4.3|9=56|35=0|34=49|49=CLIENT|52=20251128-18:22:29.000|56=SERVER|10=165|
2025-11-28 10:22:59,264 : (Admin) R << 8=FIX.4.3|9=56|35=0|34=50|49=CLIENT|52=20251128-18:22:59.000|56=SERVER|10=160|
2025-11-28 10:22:59,266 : (Admin) S >> 8=FIX.4.3|9=56|35=0|34=50|49=SERVER|52=20251128-18:22:59.000|56=CLIENT|10=160|
2025-11-28 10:23:29,570 : (Admin) R << 8=FIX.4.3|9=56|35=0|34=51|49=CLIENT|52=20251128-18:23:29.000|56=SERVER|10=159|
2025-11-28 10:23:29,573 : (Admin) S >> 8=FIX.4.3|9=56|35=0|34=51|49=SERVER|52=20251128-18:23:29.000|56=CLIENT|10=159|
2025-11-28 10:23:59,222 : (Admin) S >> 8=FIX.4.3|9=56|35=0|34=52|49=SERVER|52=20251128-18:23:59.000|56=CLIENT|10=163|
2025-11-28 10:23:59,230 : (Admin) R << 8=FIX.4.3|9=56|35=0|34=52|49=CLIENT|52=20251128-18:23:59.000|56=SERVER|10=163|
2025-11-28 10:24:29,078 : (Admin) R << 8=FIX.4.3|9=56|35=0|34=53|49=CLIENT|52=20251128-18:24:29.000|56=SERVER|10=162|
2025-11-28 10:24:29,081 : (Admin) S >> 8=FIX.4.3|9=56|35=0|34=53|49=SERVER|52=20251128-18:24:29.000|56=CLIENT|10=162|
2025-11-28 10:24:59,326 : (Admin) R << 8=FIX.4.3|9=56|35=0|34=54|49=CLIENT|52=20251128-18:24:59.000|56=SERVER|10=166|
2025-11-28 10:24:59,328 : (Admin) S >> 8=FIX.4.3|9=56|35=0|34=54|49=SERVER|52=20251128-18:24:59.000|56=CLIENT|10=166|
2025-11-28 10:25:29,522 : (Admin) R << 8=FIX.4.3|9=56|35=0|34=55|49=CLIENT|52=20251128-18:25:29.000|56=SERVER|10=165|
2025-11-28 10:25:29,524 : (Admin) S >> 8=FIX.4.3|9=56|35=0|34=55|49=SERVER|52=20251128-18:25:29.000|56=CLIENT|10=165|
2025-11-28 10:25:59,164 : (Admin) S >> 8=FIX.4.3|9=56|35=0|34=56|49=SERVER|52=20251128-18:25:59.000|56=CLIENT|10=169|
2025-11-28 10:25:59,171 : (Admin) R << 8=FIX.4.3|9=56|35=0|34=56|49=CLIENT|52=20251128-18:25:59.000|56=SERVER|10=169|
2025-11-28 10:26:29,398 : (Admin) S >> 8=FIX.4.3|9=56|35=0|34=57|49=SERVER|52=20251128-18:26:29.000|56=CLIENT|10=168|
2025-11-28 10:26:29,399 : (Admin) R << 8=FIX.4.3|9=56|35=0|34=57|49=CLIENT|52=20251128-18:26:29.000|56=SERVER|10=168|
2025-11-28 10:26:59,178 : (Admin) R << 8=FIX.4.3|9=56|35=0|34=58|49=CLIENT|52=20251128-18:26:59.000|56=SERVER|10=172|
2025-11-28 10:26:59,180 : (Admin) S >> 8=FIX.4.3|9=56|35=0|34=58|49=SERVER|52=20251128-18:26:59.000|56=CLIENT|10=172|
2025-11-28 10:27:29,448 : (Admin) R << 8=FIX.4.3|9=56|35=0|34=59|49=CLIENT|52=20251128-18:27:29.000|56=SERVER|10=171|
2025-11-28 10:27:29,450 : (Admin) S >> 8=FIX.4.3|9=56|35=0|34=59|49=SERVER|52=20251128-18:27:29.000|56=CLIENT|10=171|
2025-11-28 10:27:59,059 : (Admin) S >> 8=FIX.4.3|9=56|35=0|34=60|49=SERVER|52=20251128-18:27:59.000|56=CLIENT|10=166|
2025-11-28 10:27:59,066 : (Admin) R << 8=FIX.4.3|9=56|35=0|34=60|49=CLIENT|52=20251128-18:27:59.000|56=SERVER|10=166|
2025-11-28 10:28:29,298 : (Admin) S >> 8=FIX.4.3|9=56|35=0|34=61|49=SERVER|52=20251128-18:28:29.000|56=CLIENT|10=165|
2025-11-28 10:28:29,304 : (Admin) R << 8=FIX.4.3|9=56|35=0|34=61|49=CLIENT|52=20251128-18:28:29.000|56=SERVER|10=165|
2025-11-28 10:28:59,084 : (Admin) R << 8=FIX.4.3|9=56|35=0|34=62|49=CLIENT|52=20251128-18:28:59.000|56=SERVER|10=169|
2025-11-28 10:28:59,086 : (Admin) S >> 8=FIX.4.3|9=56|35=0|34=62|49=SERVER|52=20251128-18:28:59.000|56=CLIENT|10=169|
2025-11-28 10:29:29,301 : (Admin) R << 8=FIX.4.3|9=56|35=0|34=63|49=CLIENT|52=20251128-18:29:29.000|56=SERVER|10=168|
2025-11-28 10:29:29,303 : (Admin) S >> 8=FIX.4.3|9=56|35=0|34=63|49=SERVER|52=20251128-18:29:29.000|56=CLIENT|10=168|
2025-11-28 10:29:59,500 : (Admin) R << 8=FIX.4.3|9=56|35=0|34=64|49=CLIENT|52=20251128-18:29:59.000|56=SERVER|10=172|
2025-11-28 10:29:59,502 : (Admin) S >> 8=FIX.4.3|9=56|35=0|34=64|49=SERVER|52=20251128-18:29:59.000|56=CLIENT|10=172|
2025-11-28 10:30:29,159 : (Admin) S >> 8=FIX.4.3|9=56|35=0|34=65|49=SERVER|52=20251128-18:30:29.000|56=CLIENT|10=162|
2025-11-28 10:30:29,175 : (Admin) R << 8=FIX.4.3|9=56|35=0|34=65|49=CLIENT|52=20251128-18:30:29.000|56=SERVER|10=162|
2025-11-28 10:30:59,439 : (Admin) S >> 8=FIX.4.3|9=56|35=0|34=66|49=SERVER|52=20251128-18:30:59.000|56=CLIENT|10=166|
2025-11-28 10:30:59,446 : (Admin) R << 8=FIX.4.3|9=56|35=0|34=66|49=CLIENT|52=20251128-18:30:59.000|56=SERVER|10=166|
2025-11-28 10:31:29,138 : (Admin) R << 8=FIX.4.3|9=56|35=0|34=67|49=CLIENT|52=20251128-18:31:29.000|56=SERVER|10=165|
2025-11-28 10:31:29,140 : (Admin) S >> 8=FIX.4.3|9=56|35=0|34=67|49=SERVER|52=20251128-18:31:29.000|56=CLIENT|10=165|
2025-11-28 10:31:59,352 : (Admin) R << 8=FIX.4.3|9=56|35=0|34=68|49=CLIENT|52=20251128-18:31:59.000|56=SERVER|10=169|
2025-11-28 10:31:59,353 : (Admin) S >> 8=FIX.4.3|9=56|35=0|34=68|49=SERVER|52=20251128-18:31:59.000|56=CLIENT|10=169|
2025-11-28 10:32:29,167 : (Admin) S >> 8=FIX.4.3|9=56|35=0|34=69|49=SERVER|52=20251128-18:32:29.000|56=CLIENT|10=168|
2025-11-28 10:32:29,172 : (Admin) R << 8=FIX.4.3|9=56|35=0|34=69|49=CLIENT|52=20251128-18:32:29.000|56=SERVER|10=168|
2025-11-28 10:32:59,451 : (Admin) S >> 8=FIX.4.3|9=56|35=0|34=70|49=SERVER|52=20251128-18:32:59.000|56=CLIENT|10=163|
2025-11-28 10:32:59,456 : (Admin) R << 8=FIX.4.3|9=56|35=0|34=70|49=CLIENT|52=20251128-18:32:59.000|56=SERVER|10=163|
2025-11-28 10:33:29,122 : (Admin) R << 8=FIX.4.3|9=56|35=0|34=71|49=CLIENT|52=20251128-18:33:29.000|56=SERVER|10=162|
2025-11-28 10:33:29,124 : (Admin) S >> 8=FIX.4.3|9=56|35=0|34=71|49=SERVER|52=20251128-18:33:29.000|56=CLIENT|10=162|
2025-11-28 10:33:59,008 : (Admin) S >> 8=FIX.4.3|9=56|35=0|34=72|49=SERVER|52=20251128-18:33:59.000|56=CLIENT|10=166|
2025-11-28 10:33:59,016 : (Admin) R << 8=FIX.4.3|9=56|35=0|34=72|49=CLIENT|52=20251128-18:33:59.000|56=SERVER|10=166|
2025-11-28 10:34:29,274 : (Admin) S >> 8=FIX.4.3|9=56|35=0|34=73|49=SERVER|52=20251128-18:34:29.000|56=CLIENT|10=165|
2025-11-28 10:34:29,281 : (Admin) R << 8=FIX.4.3|9=56|35=0|34=73|49=CLIENT|52=20251128-18:34:29.000|56=SERVER|10=165|
2025-11-28 10:34:59,593 : (Admin) S >> 8=FIX.4.3|9=56|35=0|34=74|49=SERVER|52=20251128-18:34:59.000|56=CLIENT|10=169|
2025-11-28 10:34:59,596 : (Admin) R << 8=FIX.4.3|9=56|35=0|34=74|49=CLIENT|52=20251128-18:34:59.000|56=SERVER|10=169|
2025-11-28 10:35:29,281 : (Admin) R << 8=FIX.4.3|9=56|35=0|34=75|49=CLIENT|52=20251128-18:35:29.000|56=SERVER|10=168|
2025-11-28 10:35:29,282 : (Admin) S >> 8=FIX.4.3|9=56|35=0|34=75|49=SERVER|52=20251128-18:35:29.000|56=CLIENT|10=168|
2025-11-28 10:35:59,165 : (Admin) S >> 8=FIX.4.3|9=56|35=0|34=76|49=SERVER|52=20251128-18:35:59.000|56=CLIENT|10=172|
2025-11-28 10:35:59,168 : (Admin) R << 8=FIX.4.3|9=56|35=0|34=76|49=CLIENT|52=20251128-18:35:59.000|56=SERVER|10=172|
2025-11-28 10:36:29,418 : (Admin) S >> 8=FIX.4.3|9=56|35=0|34=77|49=SERVER|52=20251128-18:36:29.000|56=CLIENT|10=171|
2025-11-28 10:36:29,421 : (Admin) R << 8=FIX.4.3|9=56|35=0|34=77|49=CLIENT|52=20251128-18:36:29.000|56=SERVER|10=171|
2025-11-28 10:36:59,125 : (Admin) R << 8=FIX.4.3|9=56|35=0|34=78|49=CLIENT|52=20251128-18:36:59.000|56=SERVER|10=175|
2025-11-28 10:36:59,127 : (Admin) S >> 8=FIX.4.3|9=56|35=0|34=78|49=SERVER|52=20251128-18:36:59.000|56=CLIENT|10=175|
2025-11-28 10:37:29,378 : (Admin) R << 8=FIX.4.3|9=56|35=0|34=79|49=CLIENT|52=20251128-18:37:29.000|56=SERVER|10=174|
2025-11-28 10:37:29,378 : (Admin) S >> 8=FIX.4.3|9=56|35=0|34=79|49=SERVER|52=20251128-18:37:29.000|56=CLIENT|10=174|
2025-11-28 10:37:59,261 : (Admin) S >> 8=FIX.4.3|9=56|35=0|34=80|49=SERVER|52=20251128-18:37:59.000|56=CLIENT|10=169|
2025-11-28 10:37:59,264 : (Admin) R << 8=FIX.4.3|9=56|35=0|34=80|49=CLIENT|52=20251128-18:37:59.000|56=SERVER|10=169|
2025-11-28 10:38:29,522 : (Admin) S >> 8=FIX.4.3|9=56|35=0|34=81|49=SERVER|52=20251128-18:38:29.000|56=CLIENT|10=168|
2025-11-28 10:38:29,526 : (Admin) R << 8=FIX.4.3|9=56|35=0|34=81|49=CLIENT|52=20251128-18:38:29.000|56=SERVER|10=168|
2025-11-28 10:38:59,241 : (Admin) R << 8=FIX.4.3|9=56|35=0|34=82|49=CLIENT|52=20251128-18:38:59.000|56=SERVER|10=172|
2025-11-28 10:38:59,242 : (Admin) S >> 8=FIX.4.3|9=56|35=0|34=82|49=SERVER|52=20251128-18:38:59.000|56=CLIENT|10=172|
2025-11-28 10:39:29,091 : (Admin) S >> 8=FIX.4.3|9=56|35=0|34=83|49=SERVER|52=20251128-18:39:29.000|56=CLIENT|10=171|
2025-11-28 10:39:29,092 : (Admin) R << 8=FIX.4.3|9=56|35=0|34=83|49=CLIENT|52=20251128-18:39:29.000|56=SERVER|10=171|
2025-11-28 10:39:59,409 : (Admin) S >> 8=FIX.4.3|9=56|35=0|34=84|49=SERVER|52=20251128-18:39:59.000|56=CLIENT|10=175|
2025-11-28 10:39:59,412 : (Admin) R << 8=FIX.4.3|9=56|35=0|34=84|49=CLIENT|52=20251128-18:39:59.000|56=SERVER|10=175|
2025-11-28 10:40:29,093 : (Admin) R << 8=FIX.4.3|9=56|35=0|34=85|49=CLIENT|52=20251128-18:40:29.000|56=SERVER|10=165|
2025-11-28 10:40:29,094 : (Admin) S >> 8=FIX.4.3|9=56|35=0|34=85|49=SERVER|52=20251128-18:40:29.000|56=CLIENT|10=165|
2025-11-28 10:40:59,389 : (Admin) R << 8=FIX.4.3|9=56|35=0|34=86|49=CLIENT|52=20251128-18:40:59.000|56=SERVER|10=169|
2025-11-28 10:40:59,390 : (Admin) S >> 8=FIX.4.3|9=56|35=0|34=86|49=SERVER|52=20251128-18:40:59.000|56=CLIENT|10=169|
2025-11-28 10:41:29,285 : (Admin) S >> 8=FIX.4.3|9=56|35=0|34=87|49=SERVER|52=20251128-18:41:29.000|56=CLIENT|10=168|
2025-11-28 10:41:29,288 : (Admin) R << 8=FIX.4.3|9=56|35=0|34=87|49=CLIENT|52=20251128-18:41:29.000|56=SERVER|10=168|
2025-11-28 10:41:59,571 : (Admin) S >> 8=FIX.4.3|9=56|35=0|34=88|49=SERVER|52=20251128-18:41:59.000|56=CLIENT|10=172|
2025-11-28 10:41:59,574 : (Admin) R << 8=FIX.4.3|9=56|35=0|34=88|49=CLIENT|52=20251128-18:41:59.000|56=SERVER|10=172|
2025-11-28 10:42:29,210 : (Admin) R << 8=FIX.4.3|9=56|35=0|34=89|49=CLIENT|52=20251128-18:42:29.000|56=SERVER|10=171|
2025-11-28 10:42:29,211 : (Admin) S >> 8=FIX.4.3|9=56|35=0|34=89|49=SERVER|52=20251128-18:42:29.000|56=CLIENT|10=171|
2025-11-28 10:42:59,125 : (Admin) S >> 8=FIX.4.3|9=56|35=0|34=90|49=SERVER|52=20251128-18:42:59.000|56=CLIENT|10=166|
2025-11-28 10:42:59,127 : (Admin) R << 8=FIX.4.3|9=56|35=0|34=90|49=CLIENT|52=20251128-18:42:59.000|56=SERVER|10=166|
2025-11-28 10:43:29,395 : (Admin) S >> 8=FIX.4.3|9=56|35=0|34=91|49=SERVER|52=20251128-18:43:29.000|56=CLIENT|10=165|
2025-11-28 10:43:29,397 : (Admin) R << 8=FIX.4.3|9=56|35=0|34=91|49=CLIENT|52=20251128-18:43:29.000|56=SERVER|10=165|
2025-11-28 10:43:59,088 : (Admin) R << 8=FIX.4.3|9=56|35=0|34=92|49=CLIENT|52=20251128-18:43:59.000|56=SERVER|10=169|
2025-11-28 10:43:59,089 : (Admin) S >> 8=FIX.4.3|9=56|35=0|34=92|49=SERVER|52=20251128-18:43:59.000|56=CLIENT|10=169|
2025-11-28 10:44:29,019 : (Admin) S >> 8=FIX.4.3|9=56|35=0|34=93|49=SERVER|52=20251128-18:44:29.000|56=CLIENT|10=168|
2025-11-28 10:44:29,022 : (Admin) R << 8=FIX.4.3|9=56|35=0|34=93|49=CLIENT|52=20251128-18:44:29.000|56=SERVER|10=168|
2025-11-28 10:44:59,321 : (Admin) S >> 8=FIX.4.3|9=56|35=0|34=94|49=SERVER|52=20251128-18:44:59.000|56=CLIENT|10=172|
2025-11-28 10:44:59,324 : (Admin) R << 8=FIX.4.3|9=56|35=0|34=94|49=CLIENT|52=20251128-18:44:59.000|56=SERVER|10=172|
2025-11-28 10:45:29,632 : (Admin) S >> 8=FIX.4.3|9=56|35=0|34=95|49=SERVER|52=20251128-18:45:29.000|56=CLIENT|10=171|
2025-11-28 10:45:29,635 : (Admin) R << 8=FIX.4.3|9=56|35=0|34=95|49=CLIENT|52=20251128-18:45:29.000|56=SERVER|10=171|
2025-11-28 10:45:59,298 : (Admin) R << 8=FIX.4.3|9=56|35=0|34=96|49=CLIENT|52=20251128-18:45:59.000|56=SERVER|10=175|
2025-11-28 10:45:59,299 : (Admin) S >> 8=FIX.4.3|9=56|35=0|34=96|49=SERVER|52=20251128-18:45:59.000|56=CLIENT|10=175|
2025-11-28 10:46:29,180 : (Admin) S >> 8=FIX.4.3|9=56|35=0|34=97|49=SERVER|52=20251128-18:46:29.000|56=CLIENT|10=174|
2025-11-28 10:46:29,183 : (Admin) R << 8=FIX.4.3|9=56|35=0|34=97|49=CLIENT|52=20251128-18:46:29.000|56=SERVER|10=174|
2025-11-28 10:46:59,479 : (Admin) S >> 8=FIX.4.3|9=56|35=0|34=98|49=SERVER|52=20251128-18:46:59.000|56=CLIENT|10=178|
2025-11-28 10:46:59,482 : (Admin) R << 8=FIX.4.3|9=56|35=0|34=98|49=CLIENT|52=20251128-18:46:59.000|56=SERVER|10=178|
2025-11-28 10:47:29,164 : (Admin) R << 8=FIX.4.3|9=56|35=0|34=99|49=CLIENT|52=20251128-18:47:29.000|56=SERVER|10=177|
2025-11-28 10:47:29,165 : (Admin) S >> 8=FIX.4.3|9=56|35=0|34=99|49=SERVER|52=20251128-18:47:29.000|56=CLIENT|10=177|
2025-11-28 10:47:59,088 : (Admin) S >> 8=FIX.4.3|9=57|35=0|34=100|49=SERVER|52=20251128-18:47:59.000|56=CLIENT|10=212|
2025-11-28 10:47:59,091 : (Admin) R << 8=FIX.4.3|9=57|35=0|34=100|49=CLIENT|52=20251128-18:47:59.000|56=SERVER|10=212|
2025-11-28 10:48:29,415 : (Admin) S >> 8=FIX.4.3|9=57|35=0|34=101|49=SERVER|52=20251128-18:48:29.000|56=CLIENT|10=211|
2025-11-28 10:48:29,418 : (Admin) R << 8=FIX.4.3|9=57|35=0|34=101|49=CLIENT|52=20251128-18:48:29.000|56=SERVER|10=211|
2025-11-28 10:48:59,075 : (Admin) R << 8=FIX.4.3|9=57|35=0|34=102|49=CLIENT|52=20251128-18:48:59.000|56=SERVER|10=215|
2025-11-28 10:48:59,076 : (Admin) S >> 8=FIX.4.3|9=57|35=0|34=102|49=SERVER|52=20251128-18:48:59.000|56=CLIENT|10=215|
2025-11-28 10:49:29,379 : (Admin) R << 8=FIX.4.3|9=57|35=0|34=103|49=CLIENT|52=20251128-18:49:29.000|56=SERVER|10=214|
2025-11-28 10:49:29,380 : (Admin) S >> 8=FIX.4.3|9=57|35=0|34=103|49=SERVER|52=20251128-18:49:29.000|56=CLIENT|10=214|
2025-11-28 10:49:59,251 : (Admin) S >> 8=FIX.4.3|9=57|35=0|34=104|49=SERVER|52=20251128-18:49:59.000|56=CLIENT|10=218|
2025-11-28 10:49:59,255 : (Admin) R << 8=FIX.4.3|9=57|35=0|34=104|49=CLIENT|52=20251128-18:49:59.000|56=SERVER|10=218|
2025-11-28 10:50:29,540 : (Admin) S >> 8=FIX.4.3|9=57|35=0|34=105|49=SERVER|52=20251128-18:50:29.000|56=CLIENT|10=208|
2025-11-28 10:50:29,542 : (Admin) R << 8=FIX.4.3|9=57|35=0|34=105|49=CLIENT|52=20251128-18:50:29.000|56=SERVER|10=208|
2025-11-28 10:50:59,215 : (Admin) R << 8=FIX.4.3|9=57|35=0|34=106|49=CLIENT|52=20251128-18:50:59.000|56=SERVER|10=212|
2025-11-28 10:50:59,215 : (Admin) S >> 8=FIX.4.3|9=57|35=0|34=106|49=SERVER|52=20251128-18:50:59.000|56=CLIENT|10=212|
2025-11-28 10:51:29,066 : (Admin) S >> 8=FIX.4.3|9=57|35=0|34=107|49=SERVER|52=20251128-18:51:29.000|56=CLIENT|10=211|
2025-11-28 10:51:29,069 : (Admin) R << 8=FIX.4.3|9=57|35=0|34=107|49=CLIENT|52=20251128-18:51:29.000|56=SERVER|10=211|
2025-11-28 10:51:59,342 : (Admin) S >> 8=FIX.4.3|9=57|35=0|34=108|49=SERVER|52=20251128-18:51:59.000|56=CLIENT|10=215|
2025-11-28 10:51:59,345 : (Admin) R << 8=FIX.4.3|9=57|35=0|34=108|49=CLIENT|52=20251128-18:51:59.000|56=SERVER|10=215|
2025-11-28 10:52:29,034 : (Admin) R << 8=FIX.4.3|9=57|35=0|34=109|49=CLIENT|52=20251128-18:52:29.000|56=SERVER|10=214|
2025-11-28 10:52:29,035 : (Admin) S >> 8=FIX.4.3|9=57|35=0|34=109|49=SERVER|52=20251128-18:52:29.000|56=CLIENT|10=214|
2025-11-28 10:52:59,310 : (Admin) R << 8=FIX.4.3|9=57|35=0|34=110|49=CLIENT|52=20251128-18:52:59.000|56=SERVER|10=209|
2025-11-28 10:52:59,311 : (Admin) S >> 8=FIX.4.3|9=57|35=0|34=110|49=SERVER|52=20251128-18:52:59.000|56=CLIENT|10=209|
2025-11-28 10:53:29,201 : (Admin) S >> 8=FIX.4.3|9=57|35=0|34=111|49=SERVER|52=20251128-18:53:29.000|56=CLIENT|10=208|
2025-11-28 10:53:29,204 : (Admin) R << 8=FIX.4.3|9=57|35=0|34=111|49=CLIENT|52=20251128-18:53:29.000|56=SERVER|10=208|
2025-11-28 10:53:59,482 : (Admin) S >> 8=FIX.4.3|9=57|35=0|34=112|49=SERVER|52=20251128-18:53:59.000|56=CLIENT|10=212|
2025-11-28 10:53:59,485 : (Admin) R << 8=FIX.4.3|9=57|35=0|34=112|49=CLIENT|52=20251128-18:53:59.000|56=SERVER|10=212|
2025-11-28 10:54:29,200 : (Admin) R << 8=FIX.4.3|9=57|35=0|34=113|49=CLIENT|52=20251128-18:54:29.000|56=SERVER|10=211|
2025-11-28 10:54:29,201 : (Admin) S >> 8=FIX.4.3|9=57|35=0|34=113|49=SERVER|52=20251128-18:54:29.000|56=CLIENT|10=211|
2025-11-28 10:54:59,087 : (Admin) S >> 8=FIX.4.3|9=57|35=0|34=114|49=SERVER|52=20251128-18:54:59.000|56=CLIENT|10=215|
2025-11-28 10:54:59,088 : (Admin) R << 8=FIX.4.3|9=57|35=0|34=114|49=CLIENT|52=20251128-18:54:59.000|56=SERVER|10=215|
2025-11-28 10:55:29,371 : (Admin) S >> 8=FIX.4.3|9=57|35=0|34=115|49=SERVER|52=20251128-18:55:29.000|56=CLIENT|10=214|
2025-11-28 10:55:29,374 : (Admin) R << 8=FIX.4.3|9=57|35=0|34=115|49=CLIENT|52=20251128-18:55:29.000|56=SERVER|10=214|
2025-11-28 10:55:59,064 : (Admin) R << 8=FIX.4.3|9=57|35=0|34=116|49=CLIENT|52=20251128-18:55:59.000|56=SERVER|10=218|
2025-11-28 10:55:59,065 : (Admin) S >> 8=FIX.4.3|9=57|35=0|34=116|49=SERVER|52=20251128-18:55:59.000|56=CLIENT|10=218|
2025-11-28 10:56:29,334 : (Admin) R << 8=FIX.4.3|9=57|35=0|34=117|49=CLIENT|52=20251128-18:56:29.000|56=SERVER|10=217|
2025-11-28 10:56:29,334 : (Admin) S >> 8=FIX.4.3|9=57|35=0|34=117|49=SERVER|52=20251128-18:56:29.000|56=CLIENT|10=217|
2025-11-28 10:56:59,123 : (Admin) S >> 8=FIX.4.3|9=57|35=0|34=118|49=SERVER|52=20251128-18:56:59.000|56=CLIENT|10=221|
2025-11-28 10:56:59,126 : (Admin) R << 8=FIX.4.3|9=57|35=0|34=118|49=CLIENT|52=20251128-18:56:59.000|56=SERVER|10=221|
2025-11-28 10:57:29,385 : (Admin) S >> 8=FIX.4.3|9=57|35=0|34=119|49=SERVER|52=20251128-18:57:29.000|56=CLIENT|10=220|
2025-11-28 10:57:29,387 : (Admin) R << 8=FIX.4.3|9=57|35=0|34=119|49=CLIENT|52=20251128-18:57:29.000|56=SERVER|10=220|
2025-11-28 10:57:59,140 : (Admin) R << 8=FIX.4.3|9=57|35=0|34=120|49=CLIENT|52=20251128-18:57:59.000|56=SERVER|10=215|
2025-11-28 10:57:59,142 : (Admin) S >> 8=FIX.4.3|9=57|35=0|34=120|49=SERVER|52=20251128-18:57:59.000|56=CLIENT|10=215|
2025-11-28 10:58:29,421 : (Admin) R << 8=FIX.4.3|9=57|35=0|34=121|49=CLIENT|52=20251128-18:58:29.000|56=SERVER|10=214|
2025-11-28 10:58:29,422 : (Admin) S >> 8=FIX.4.3|9=57|35=0|34=121|49=SERVER|52=20251128-18:58:29.000|56=CLIENT|10=214|
2025-11-28 10:58:59,218 : (Admin) S >> 8=FIX.4.3|9=57|35=0|34=122|49=SERVER|52=20251128-18:58:59.000|56=CLIENT|10=218|
2025-11-28 10:58:59,221 : (Admin) R << 8=FIX.4.3|9=57|35=0|34=122|49=CLIENT|52=20251128-18:58:59.000|56=SERVER|10=218|
2025-11-28 10:59:29,520 : (Admin) S >> 8=FIX.4.3|9=57|35=0|34=123|49=SERVER|52=20251128-18:59:29.000|56=CLIENT|10=217|
2025-11-28 10:59:29,522 : (Admin) R << 8=FIX.4.3|9=57|35=0|34=123|49=CLIENT|52=20251128-18:59:29.000|56=SERVER|10=217|
2025-11-28 10:59:59,291 : (Admin) R << 8=FIX.4.3|9=57|35=0|34=124|49=CLIENT|52=20251128-18:59:59.000|56=SERVER|10=221|
2025-11-28 10:59:59,292 : (Admin) S >> 8=FIX.4.3|9=57|35=0|34=124|49=SERVER|52=20251128-18:59:59.000|56=CLIENT|10=221|
2025-11-28 11:00:29,131 : (Admin) S >> 8=FIX.4.3|9=57|35=0|34=125|49=SERVER|52=20251128-19:00:29.000|56=CLIENT|10=206|
2025-11-28 11:00:29,134 : (Admin) R << 8=FIX.4.3|9=57|35=0|34=125|49=CLIENT|52=20251128-19:00:29.000|56=SERVER|10=206|
2025-11-28 11:00:59,405 : (Admin) S >> 8=FIX.4.3|9=57|35=0|34=126|49=SERVER|52=20251128-19:00:59.000|56=CLIENT|10=210|
2025-11-28 11:00:59,407 : (Admin) R << 8=FIX.4.3|9=57|35=0|34=126|49=CLIENT|52=20251128-19:00:59.000|56=SERVER|10=210|
2025-11-28 11:01:29,196 : (Admin) R << 8=FIX.4.3|9=57|35=0|34=127|49=CLIENT|52=20251128-19:01:29.000|56=SERVER|10=209|
2025-11-28 11:01:29,197 : (Admin) S >> 8=FIX.4.3|9=57|35=0|34=127|49=SERVER|52=20251128-19:01:29.000|56=CLIENT|10=209|
2025-11-28 11:01:59,003 : (Admin) S >> 8=FIX.4.3|9=57|35=0|34=128|49=SERVER|52=20251128-19:01:59.000|56=CLIENT|10=213|
2025-11-28 11:01:59,007 : (Admin) R << 8=FIX.4.3|9=57|35=0|34=128|49=CLIENT|52=20251128-19:01:59.000|56=SERVER|10=213|
2025-11-28 11:02:29,290 : (Admin) S >> 8=FIX.4.3|9=57|35=0|34=129|49=SERVER|52=20251128-19:02:29.000|56=CLIENT|10=212|
2025-11-28 11:02:29,293 : (Admin) R << 8=FIX.4.3|9=57|35=0|34=129|49=CLIENT|52=20251128-19:02:29.000|56=SERVER|10=212|
2025-11-28 11:02:59,033 : (Admin) R << 8=FIX.4.3|9=57|35=0|34=130|49=CLIENT|52=20251128-19:02:59.000|56=SERVER|10=207|
2025-11-28 11:02:59,033 : (Admin) S >> 8=FIX.4.3|9=57|35=0|34=130|49=SERVER|52=20251128-19:02:59.000|56=CLIENT|10=207|
2025-11-28 11:03:29,356 : (Admin) R << 8=FIX.4.3|9=57|35=0|34=131|49=CLIENT|52=20251128-19:03:29.000|56=SERVER|10=206|
2025-11-28 11:03:29,356 : (Admin) S >> 8=FIX.4.3|9=57|35=0|34=131|49=SERVER|52=20251128-19:03:29.000|56=CLIENT|10=206|
2025-11-28 11:03:59,192 : (Admin) S >> 8=FIX.4.3|9=57|35=0|34=132|49=SERVER|52=20251128-19:03:59.000|56=CLIENT|10=210|
2025-11-28 11:03:59,195 : (Admin) R << 8=FIX.4.3|9=57|35=0|34=132|49=CLIENT|52=20251128-19:03:59.000|56=SERVER|10=210|
2025-11-28 11:04:29,459 : (Admin) S >> 8=FIX.4.3|9=57|35=0|34=133|49=SERVER|52=20251128-19:04:29.000|56=CLIENT|10=209|
2025-11-28 11:04:29,462 : (Admin) R << 8=FIX.4.3|9=57|35=0|34=133|49=CLIENT|52=20251128-19:04:29.000|56=SERVER|10=209|
2025-11-28 11:04:59,195 : (Admin) R << 8=FIX.4.3|9=57|35=0|34=134|49=CLIENT|52=20251128-19:04:59.000|56=SERVER|10=213|
2025-11-28 11:04:59,195 : (Admin) S >> 8=FIX.4.3|9=57|35=0|34=134|49=SERVER|52=20251128-19:04:59.000|56=CLIENT|10=213|
2025-11-28 11:05:29,426 : (Admin) R << 8=FIX.4.3|9=57|35=0|34=135|49=CLIENT|52=20251128-19:05:29.000|56=SERVER|10=212|
2025-11-28 11:05:29,427 : (Admin) S >> 8=FIX.4.3|9=57|35=0|34=135|49=SERVER|52=20251128-19:05:29.000|56=CLIENT|10=212|
2025-11-28 11:05:59,266 : (Admin) S >> 8=FIX.4.3|9=57|35=0|34=136|49=SERVER|52=20251128-19:05:59.000|56=CLIENT|10=216|
2025-11-28 11:05:59,269 : (Admin) R << 8=FIX.4.3|9=57|35=0|34=136|49=CLIENT|52=20251128-19:05:59.000|56=SERVER|10=216|
2025-11-28 11:06:29,501 : (Admin) S >> 8=FIX.4.3|9=57|35=0|34=137|49=SERVER|52=20251128-19:06:29.000|56=CLIENT|10=215|
2025-11-28 11:06:29,505 : (Admin) R << 8=FIX.4.3|9=57|35=0|34=137|49=CLIENT|52=20251128-19:06:29.000|56=SERVER|10=215|
2025-11-28 11:06:59,217 : (Admin) R << 8=FIX.4.3|9=57|35=0|34=138|49=CLIENT|52=20251128-19:06:59.000|56=SERVER|10=219|
2025-11-28 11:06:59,218 : (Admin) S >> 8=FIX.4.3|9=57|35=0|34=138|49=SERVER|52=20251128-19:06:59.000|56=CLIENT|10=219|
2025-11-28 11:07:29,433 : (Admin) R << 8=FIX.4.3|9=57|35=0|34=139|49=CLIENT|52=20251128-19:07:29.000|56=SERVER|10=218|
2025-11-28 11:07:29,433 : (Admin) S >> 8=FIX.4.3|9=57|35=0|34=139|49=SERVER|52=20251128-19:07:29.000|56=CLIENT|10=218|
2025-11-28 11:07:59,208 : (Admin) S >> 8=FIX.4.3|9=57|35=0|34=140|49=SERVER|52=20251128-19:07:59.000|56=CLIENT|10=213|
2025-11-28 11:07:59,211 : (Admin) R << 8=FIX.4.3|9=57|35=0|34=140|49=CLIENT|52=20251128-19:07:59.000|56=SERVER|10=213|
2025-11-28 11:08:29,424 : (Admin) S >> 8=FIX.4.3|9=57|35=0|34=141|49=SERVER|52=20251128-19:08:29.000|56=CLIENT|10=212|
2025-11-28 11:08:29,426 : (Admin) R << 8=FIX.4.3|9=57|35=0|34=141|49=CLIENT|52=20251128-19:08:29.000|56=SERVER|10=212|
2025-11-28 11:08:59,172 : (Admin) R << 8=FIX.4.3|9=57|35=0|34=142|49=CLIENT|52=20251128-19:08:59.000|56=SERVER|10=216|
2025-11-28 11:08:59,172 : (Admin) S >> 8=FIX.4.3|9=57|35=0|34=142|49=SERVER|52=20251128-19:08:59.000|56=CLIENT|10=216|
2025-11-28 11:09:29,445 : (Admin) R << 8=FIX.4.3|9=57|35=0|34=143|49=CLIENT|52=20251128-19:09:29.000|56=SERVER|10=215|
2025-11-28 11:09:29,446 : (Admin) S >> 8=FIX.4.3|9=57|35=0|34=143|49=SERVER|52=20251128-19:09:29.000|56=CLIENT|10=215|
2025-11-28 11:09:59,234 : (Admin) S >> 8=FIX.4.3|9=57|35=0|34=144|49=SERVER|52=20251128-19:09:59.000|56=CLIENT|10=219|
2025-11-28 11:09:59,236 : (Admin) R << 8=FIX.4.3|9=57|35=0|34=144|49=CLIENT|52=20251128-19:09:59.000|56=SERVER|10=219|
2025-11-28 11:10:29,463 : (Admin) S >> 8=FIX.4.3|9=57|35=0|34=145|49=SERVER|52=20251128-19:10:29.000|56=CLIENT|10=209|
2025-11-28 11:10:29,465 : (Admin) R << 8=FIX.4.3|9=57|35=0|34=145|49=CLIENT|52=20251128-19:10:29.000|56=SERVER|10=209|
2025-11-28 11:10:59,125 : (Admin) R << 8=FIX.4.3|9=57|35=0|34=146|49=CLIENT|52=20251128-19:10:59.000|56=SERVER|10=213|
2025-11-28 11:10:59,126 : (Admin) S >> 8=FIX.4.3|9=57|35=0|34=146|49=SERVER|52=20251128-19:10:59.000|56=CLIENT|10=213|
2025-11-28 11:11:29,339 : (Admin) R << 8=FIX.4.3|9=57|35=0|34=147|49=CLIENT|52=20251128-19:11:29.000|56=SERVER|10=212|
2025-11-28 11:11:29,340 : (Admin) S >> 8=FIX.4.3|9=57|35=0|34=147|49=SERVER|52=20251128-19:11:29.000|56=CLIENT|10=212|
2025-11-28 11:11:59,208 : (Admin) S >> 8=FIX.4.3|9=57|35=0|34=148|49=SERVER|52=20251128-19:11:59.000|56=CLIENT|10=216|
2025-11-28 11:11:59,211 : (Admin) R << 8=FIX.4.3|9=57|35=0|34=148|49=CLIENT|52=20251128-19:11:59.000|56=SERVER|10=216|
2025-11-28 11:12:29,416 : (Admin) S >> 8=FIX.4.3|9=57|35=0|34=149|49=SERVER|52=20251128-19:12:29.000|56=CLIENT|10=215|
2025-11-28 11:12:29,419 : (Admin) R << 8=FIX.4.3|9=57|35=0|34=149|49=CLIENT|52=20251128-19:12:29.000|56=SERVER|10=215|
2025-11-28 11:12:59,108 : (Admin) R << 8=FIX.4.3|9=57|35=0|34=150|49=CLIENT|52=20251128-19:12:59.000|56=SERVER|10=210|
2025-11-28 11:12:59,109 : (Admin) S >> 8=FIX.4.3|9=57|35=0|34=150|49=SERVER|52=20251128-19:12:59.000|56=CLIENT|10=210|
2025-11-28 11:13:29,337 : (Admin) R << 8=FIX.4.3|9=57|35=0|34=151|49=CLIENT|52=20251128-19:13:29.000|56=SERVER|10=209|
2025-11-28 11:13:29,337 : (Admin) S >> 8=FIX.4.3|9=57|35=0|34=151|49=SERVER|52=20251128-19:13:29.000|56=CLIENT|10=209|
2025-11-28 11:13:59,155 : (Admin) S >> 8=FIX.4.3|9=57|35=0|34=152|49=SERVER|52=20251128-19:13:59.000|56=CLIENT|10=213|
2025-11-28 11:13:59,157 : (Admin) R << 8=FIX.4.3|9=57|35=0|34=152|49=CLIENT|52=20251128-19:13:59.000|56=SERVER|10=213|
2025-11-28 11:14:29,430 : (Admin) S >> 8=FIX.4.3|9=57|35=0|34=153|49=SERVER|52=20251128-19:14:29.000|56=CLIENT|10=212|
2025-11-28 11:14:29,431 : (Admin) R << 8=FIX.4.3|9=57|35=0|34=153|49=CLIENT|52=20251128-19:14:29.000|56=SERVER|10=212|
2025-11-28 11:14:59,177 : (Admin) R << 8=FIX.4.3|9=57|35=0|34=154|49=CLIENT|52=20251128-19:14:59.000|56=SERVER|10=216|
2025-11-28 11:14:59,177 : (Admin) S >> 8=FIX.4.3|9=57|35=0|34=154|49=SERVER|52=20251128-19:14:59.000|56=CLIENT|10=216|
2025-11-28 11:15:29,425 : (Admin) R << 8=FIX.4.3|9=57|35=0|34=155|49=CLIENT|52=20251128-19:15:29.000|56=SERVER|10=215|
2025-11-28 11:15:29,426 : (Admin) S >> 8=FIX.4.3|9=57|35=0|34=155|49=SERVER|52=20251128-19:15:29.000|56=CLIENT|10=215|
2025-11-28 11:15:59,171 : (Admin) S >> 8=FIX.4.3|9=57|35=0|34=156|49=SERVER|52=20251128-19:15:59.000|56=CLIENT|10=219|
2025-11-28 11:15:59,173 : (Admin) R << 8=FIX.4.3|9=57|35=0|34=156|49=CLIENT|52=20251128-19:15:59.000|56=SERVER|10=219|
2025-11-28 11:16:29,402 : (Admin) S >> 8=FIX.4.3|9=57|35=0|34=157|49=SERVER|52=20251128-19:16:29.000|56=CLIENT|10=218|
2025-11-28 11:16:29,404 : (Admin) R << 8=FIX.4.3|9=57|35=0|34=157|49=CLIENT|52=20251128-19:16:29.000|56=SERVER|10=218|
2025-11-28 11:16:59,118 : (Admin) R << 8=FIX.4.3|9=57|35=0|34=158|49=CLIENT|52=20251128-19:16:59.000|56=SERVER|10=222|
2025-11-28 11:16:59,119 : (Admin) S >> 8=FIX.4.3|9=57|35=0|34=158|49=SERVER|52=20251128-19:16:59.000|56=CLIENT|10=222|
2025-11-28 11:17:29,301 : (Admin) R << 8=FIX.4.3|9=57|35=0|34=159|49=CLIENT|52=20251128-19:17:29.000|56=SERVER|10=221|
2025-11-28 11:17:29,302 : (Admin) S >> 8=FIX.4.3|9=57|35=0|34=159|49=SERVER|52=20251128-19:17:29.000|56=CLIENT|10=221|
2025-11-28 11:17:59,087 : (Admin) S >> 8=FIX.4.3|9=57|35=0|34=160|49=SERVER|52=20251128-19:17:59.000|56=CLIENT|10=216|
2025-11-28 11:17:59,090 : (Admin) R << 8=FIX.4.3|9=57|35=0|34=160|49=CLIENT|52=20251128-19:17:59.000|56=SERVER|10=216|
2025-11-28 11:18:29,350 : (Admin) S >> 8=FIX.4.3|9=57|35=0|34=161|49=SERVER|52=20251128-19:18:29.000|56=CLIENT|10=215|
2025-11-28 11:18:29,353 : (Admin) R << 8=FIX.4.3|9=57|35=0|34=161|49=CLIENT|52=20251128-19:18:29.000|56=SERVER|10=215|
2025-11-28 11:18:59,092 : (Admin) R << 8=FIX.4.3|9=57|35=0|34=162|49=CLIENT|52=20251128-19:18:59.000|56=SERVER|10=219|
2025-11-28 11:18:59,092 : (Admin) S >> 8=FIX.4.3|9=57|35=0|34=162|49=SERVER|52=20251128-19:18:59.000|56=CLIENT|10=219|
2025-11-28 11:19:29,328 : (Admin) R << 8=FIX.4.3|9=57|35=0|34=163|49=CLIENT|52=20251128-19:19:29.000|56=SERVER|10=218|
2025-11-28 11:19:29,329 : (Admin) S >> 8=FIX.4.3|9=57|35=0|34=163|49=SERVER|52=20251128-19:19:29.000|56=CLIENT|10=218|
2025-11-28 11:19:59,132 : (Admin) S >> 8=FIX.4.3|9=57|35=0|34=164|49=SERVER|52=20251128-19:19:59.000|56=CLIENT|10=222|
2025-11-28 11:19:59,136 : (Admin) R << 8=FIX.4.3|9=57|35=0|34=164|49=CLIENT|52=20251128-19:19:59.000|56=SERVER|10=222|
2025-11-28 11:20:29,395 : (Admin) S >> 8=FIX.4.3|9=57|35=0|34=165|49=SERVER|52=20251128-19:20:29.000|56=CLIENT|10=212|
2025-11-28 11:20:29,397 : (Admin) R << 8=FIX.4.3|9=57|35=0|34=165|49=CLIENT|52=20251128-19:20:29.000|56=SERVER|10=212|
2025-11-28 11:20:59,120 : (Admin) R << 8=FIX.4.3|9=57|35=0|34=166|49=CLIENT|52=20251128-19:20:59.000|56=SERVER|10=216|
2025-11-28 11:20:59,121 : (Admin) S >> 8=FIX.4.3|9=57|35=0|34=166|49=SERVER|52=20251128-19:20:59.000|56=CLIENT|10=216|
2025-11-28 11:21:29,394 : (Admin) R << 8=FIX.4.3|9=57|35=0|34=167|49=CLIENT|52=20251128-19:21:29.000|56=SERVER|10=215|
2025-11-28 11:21:29,394 : (Admin) S >> 8=FIX.4.3|9=57|35=0|34=167|49=SERVER|52=20251128-19:21:29.000|56=CLIENT|10=215|
2025-11-28 11:21:59,221 : (Admin) S >> 8=FIX.4.3|9=57|35=0|34=168|49=SERVER|52=20251128-19:21:59.000|56=CLIENT|10=219|
2025-11-28 11:21:59,222 : (Admin) R << 8=FIX.4.3|9=57|35=0|34=168|49=CLIENT|52=20251128-19:21:59.000|56=SERVER|10=219|
2025-11-28 11:22:29,498 : (Admin) S >> 8=FIX.4.3|9=57|35=0|34=169|49=SERVER|52=20251128-19:22:29.000|56=CLIENT|10=218|
2025-11-28 11:22:29,502 : (Admin) R << 8=FIX.4.3|9=57|35=0|34=169|49=CLIENT|52=20251128-19:22:29.000|56=SERVER|10=218|
2025-11-28 11:22:59,277 : (Admin) R << 8=FIX.4.3|9=57|35=0|34=170|49=CLIENT|52=20251128-19:22:59.000|56=SERVER|10=213|
2025-11-28 11:22:59,281 : (Admin) S >> 8=FIX.4.3|9=57|35=0|34=170|49=SERVER|52=20251128-19:22:59.000|56=CLIENT|10=213|
2025-11-28 11:23:29,031 : (Admin) S >> 8=FIX.4.3|9=57|35=0|34=171|49=SERVER|52=20251128-19:23:29.000|56=CLIENT|10=212|
2025-11-28 11:23:29,033 : (Admin) R << 8=FIX.4.3|9=57|35=0|34=171|49=CLIENT|52=20251128-19:23:29.000|56=SERVER|10=212|
2025-11-28 11:23:59,297 : (Admin) S >> 8=FIX.4.3|9=57|35=0|34=172|49=SERVER|52=20251128-19:23:59.000|56=CLIENT|10=216|
2025-11-28 11:23:59,300 : (Admin) R << 8=FIX.4.3|9=57|35=0|34=172|49=CLIENT|52=20251128-19:23:59.000|56=SERVER|10=216|
2025-11-28 11:24:29,513 : (Admin) S >> 8=FIX.4.3|9=57|35=0|34=173|49=SERVER|52=20251128-19:24:29.000|56=CLIENT|10=215|
2025-11-28 11:24:29,515 : (Admin) R << 8=FIX.4.3|9=57|35=0|34=173|49=CLIENT|52=20251128-19:24:29.000|56=SERVER|10=215|
2025-11-28 11:24:59,196 : (Admin) R << 8=FIX.4.3|9=57|35=0|34=174|49=CLIENT|52=20251128-19:24:59.000|56=SERVER|10=219|
2025-11-28 11:24:59,197 : (Admin) S >> 8=FIX.4.3|9=57|35=0|34=174|49=SERVER|52=20251128-19:24:59.000|56=CLIENT|10=219|
2025-11-28 11:25:29,427 : (Admin) R << 8=FIX.4.3|9=57|35=0|34=175|49=CLIENT|52=20251128-19:25:29.000|56=SERVER|10=218|
2025-11-28 11:25:29,427 : (Admin) S >> 8=FIX.4.3|9=57|35=0|34=175|49=SERVER|52=20251128-19:25:29.000|56=CLIENT|10=218|
2025-11-28 11:25:59,217 : (Admin) S >> 8=FIX.4.3|9=57|35=0|34=176|49=SERVER|52=20251128-19:25:59.000|56=CLIENT|10=222|
2025-11-28 11:25:59,219 : (Admin) R << 8=FIX.4.3|9=57|35=0|34=176|49=CLIENT|52=20251128-19:25:59.000|56=SERVER|10=222|
2025-11-28 11:26:29,497 : (Admin) S >> 8=FIX.4.3|9=57|35=0|34=177|49=SERVER|52=20251128-19:26:29.000|56=CLIENT|10=221|
2025-11-28 11:26:29,501 : (Admin) R << 8=FIX.4.3|9=57|35=0|34=177|49=CLIENT|52=20251128-19:26:29.000|56=SERVER|10=221|
2025-11-28 11:26:59,274 : (Admin) R << 8=FIX.4.3|9=57|35=0|34=178|49=CLIENT|52=20251128-19:26:59.000|56=SERVER|10=225|
2025-11-28 11:26:59,275 : (Admin) S >> 8=FIX.4.3|9=57|35=0|34=178|49=SERVER|52=20251128-19:26:59.000|56=CLIENT|10=225|
2025-11-28 11:27:29,021 : (Admin) S >> 8=FIX.4.3|9=57|35=0|34=179|49=SERVER|52=20251128-19:27:29.000|56=CLIENT|10=224|
2025-11-28 11:27:29,024 : (Admin) R << 8=FIX.4.3|9=57|35=0|34=179|49=CLIENT|52=20251128-19:27:29.000|56=SERVER|10=224|
2025-11-28 11:27:59,320 : (Admin) S >> 8=FIX.4.3|9=57|35=0|34=180|49=SERVER|52=20251128-19:27:59.000|56=CLIENT|10=219|
2025-11-28 11:27:59,324 : (Admin) R << 8=FIX.4.3|9=57|35=0|34=180|49=CLIENT|52=20251128-19:27:59.000|56=SERVER|10=219|
2025-11-28 11:28:29,057 : (Admin) R << 8=FIX.4.3|9=57|35=0|34=181|49=CLIENT|52=20251128-19:28:29.000|56=SERVER|10=218|
2025-11-28 11:28:29,057 : (Admin) S >> 8=FIX.4.3|9=57|35=0|34=181|49=SERVER|52=20251128-19:28:29.000|56=CLIENT|10=218|
2025-11-28 11:28:59,289 : (Admin) R << 8=FIX.4.3|9=57|35=0|34=182|49=CLIENT|52=20251128-19:28:59.000|56=SERVER|10=222|
2025-11-28 11:28:59,290 : (Admin) S >> 8=FIX.4.3|9=57|35=0|34=182|49=SERVER|52=20251128-19:28:59.000|56=CLIENT|10=222|
2025-11-28 11:29:29,042 : (Admin) S >> 8=FIX.4.3|9=57|35=0|34=183|49=SERVER|52=20251128-19:29:29.000|56=CLIENT|10=221|
2025-11-28 11:29:29,045 : (Admin) R << 8=FIX.4.3|9=57|35=0|34=183|49=CLIENT|52=20251128-19:29:29.000|56=SERVER|10=221|
2025-11-28 11:29:59,321 : (Admin) S >> 8=FIX.4.3|9=57|35=0|34=184|49=SERVER|52=20251128-19:29:59.000|56=CLIENT|10=225|
2025-11-28 11:29:59,324 : (Admin) R << 8=FIX.4.3|9=57|35=0|34=184|49=CLIENT|52=20251128-19:29:59.000|56=SERVER|10=225|
2025-11-28 11:30:29,055 : (Admin) R << 8=FIX.4.3|9=57|35=0|34=185|49=CLIENT|52=20251128-19:30:29.000|56=SERVER|10=215|
2025-11-28 11:30:29,056 : (Admin) S >> 8=FIX.4.3|9=57|35=0|34=185|49=SERVER|52=20251128-19:30:29.000|56=CLIENT|10=215|
2025-11-28 11:30:59,332 : (Admin) R << 8=FIX.4.3|9=57|35=0|34=186|49=CLIENT|52=20251128-19:30:59.000|56=SERVER|10=219|
2025-11-28 11:30:59,333 : (Admin) S >> 8=FIX.4.3|9=57|35=0|34=186|49=SERVER|52=20251128-19:30:59.000|56=CLIENT|10=219|
2025-11-28 11:31:29,150 : (Admin) S >> 8=FIX.4.3|9=57|35=0|34=187|49=SERVER|52=20251128-19:31:29.000|56=CLIENT|10=218|
2025-11-28 11:31:29,154 : (Admin) R << 8=FIX.4.3|9=57|35=0|34=187|49=CLIENT|52=20251128-19:31:29.000|56=SERVER|10=218|
2025-11-28 11:31:59,436 : (Admin) S >> 8=FIX.4.3|9=57|35=0|34=188|49=SERVER|52=20251128-19:31:59.000|56=CLIENT|10=222|
2025-11-28 11:31:59,439 : (Admin) R << 8=FIX.4.3|9=57|35=0|34=188|49=CLIENT|52=20251128-19:31:59.000|56=SERVER|10=222|
2025-11-28 11:32:29,106 : (Admin) R << 8=FIX.4.3|9=57|35=0|34=189|49=CLIENT|52=20251128-19:32:29.000|56=SERVER|10=221|
2025-11-28 11:32:29,107 : (Admin) S >> 8=FIX.4.3|9=57|35=0|34=189|49=SERVER|52=20251128-19:32:29.000|56=CLIENT|10=221|
2025-11-28 11:32:59,381 : (Admin) R << 8=FIX.4.3|9=57|35=0|34=190|49=CLIENT|52=20251128-19:32:59.000|56=SERVER|10=216|
2025-11-28 11:32:59,382 : (Admin) S >> 8=FIX.4.3|9=57|35=0|34=190|49=SERVER|52=20251128-19:32:59.000|56=CLIENT|10=216|
2025-11-28 11:33:29,192 : (Admin) S >> 8=FIX.4.3|9=57|35=0|34=191|49=SERVER|52=20251128-19:33:29.000|56=CLIENT|10=215|
2025-11-28 11:33:29,195 : (Admin) R << 8=FIX.4.3|9=57|35=0|34=191|49=CLIENT|52=20251128-19:33:29.000|56=SERVER|10=215|
2025-11-28 11:33:59,418 : (Admin) S >> 8=FIX.4.3|9=57|35=0|34=192|49=SERVER|52=20251128-19:33:59.000|56=CLIENT|10=219|
2025-11-28 11:33:59,421 : (Admin) R << 8=FIX.4.3|9=57|35=0|34=192|49=CLIENT|52=20251128-19:33:59.000|56=SERVER|10=219|
2025-11-28 11:34:29,092 : (Admin) R << 8=FIX.4.3|9=57|35=0|34=193|49=CLIENT|52=20251128-19:34:29.000|56=SERVER|10=218|
2025-11-28 11:34:29,092 : (Admin) S >> 8=FIX.4.3|9=57|35=0|34=193|49=SERVER|52=20251128-19:34:29.000|56=CLIENT|10=218|
2025-11-28 11:34:59,347 : (Admin) R << 8=FIX.4.3|9=57|35=0|34=194|49=CLIENT|52=20251128-19:34:59.000|56=SERVER|10=222|
2025-11-28 11:34:59,348 : (Admin) S >> 8=FIX.4.3|9=57|35=0|34=194|49=SERVER|52=20251128-19:34:59.000|56=CLIENT|10=222|
2025-11-28 11:35:29,161 : (Admin) S >> 8=FIX.4.3|9=57|35=0|34=195|49=SERVER|52=20251128-19:35:29.000|56=CLIENT|10=221|
2025-11-28 11:35:29,165 : (Admin) R << 8=FIX.4.3|9=57|35=0|34=195|49=CLIENT|52=20251128-19:35:29.000|56=SERVER|10=221|
2025-11-28 11:35:59,462 : (Admin) S >> 8=FIX.4.3|9=57|35=0|34=196|49=SERVER|52=20251128-19:35:59.000|56=CLIENT|10=225|
2025-11-28 11:35:59,465 : (Admin) R << 8=FIX.4.3|9=57|35=0|34=196|49=CLIENT|52=20251128-19:35:59.000|56=SERVER|10=225|
2025-11-28 11:36:29,125 : (Admin) R << 8=FIX.4.3|9=57|35=0|34=197|49=CLIENT|52=20251128-19:36:29.000|56=SERVER|10=224|
2025-11-28 11:36:29,126 : (Admin) S >> 8=FIX.4.3|9=57|35=0|34=197|49=SERVER|52=20251128-19:36:29.000|56=CLIENT|10=224|
2025-11-28 11:36:59,393 : (Admin) R << 8=FIX.4.3|9=57|35=0|34=198|49=CLIENT|52=20251128-19:36:59.000|56=SERVER|10=228|
2025-11-28 11:36:59,394 : (Admin) S >> 8=FIX.4.3|9=57|35=0|34=198|49=SERVER|52=20251128-19:36:59.000|56=CLIENT|10=228|
2025-11-28 11:37:29,229 : (Admin) S >> 8=FIX.4.3|9=57|35=0|34=199|49=SERVER|52=20251128-19:37:29.000|56=CLIENT|10=227|
2025-11-28 11:37:29,233 : (Admin) R << 8=FIX.4.3|9=57|35=0|34=199|49=CLIENT|52=20251128-19:37:29.000|56=SERVER|10=227|
2025-11-28 11:37:59,453 : (Admin) S >> 8=FIX.4.3|9=57|35=0|34=200|49=SERVER|52=20251128-19:37:59.000|56=CLIENT|10=213|
2025-11-28 11:37:59,457 : (Admin) R << 8=FIX.4.3|9=57|35=0|34=200|49=CLIENT|52=20251128-19:37:59.000|56=SERVER|10=213|
2025-11-28 11:38:29,127 : (Admin) R << 8=FIX.4.3|9=57|35=0|34=201|49=CLIENT|52=20251128-19:38:29.000|56=SERVER|10=212|
2025-11-28 11:38:29,128 : (Admin) S >> 8=FIX.4.3|9=57|35=0|34=201|49=SERVER|52=20251128-19:38:29.000|56=CLIENT|10=212|
2025-11-28 11:38:59,375 : (Admin) R << 8=FIX.4.3|9=57|35=0|34=202|49=CLIENT|52=20251128-19:38:59.000|56=SERVER|10=216|
2025-11-28 11:38:59,375 : (Admin) S >> 8=FIX.4.3|9=57|35=0|34=202|49=SERVER|52=20251128-19:38:59.000|56=CLIENT|10=216|
2025-11-28 11:39:29,243 : (Admin) S >> 8=FIX.4.3|9=57|35=0|34=203|49=SERVER|52=20251128-19:39:29.000|56=CLIENT|10=215|
2025-11-28 11:39:29,246 : (Admin) R << 8=FIX.4.3|9=57|35=0|34=203|49=CLIENT|52=20251128-19:39:29.000|56=SERVER|10=215|
2025-11-28 11:39:59,571 : (Admin) S >> 8=FIX.4.3|9=57|35=0|34=204|49=SERVER|52=20251128-19:39:59.000|56=CLIENT|10=219|
2025-11-28 11:39:59,575 : (Admin) R << 8=FIX.4.3|9=57|35=0|34=204|49=CLIENT|52=20251128-19:39:59.000|56=SERVER|10=219|
2025-11-28 11:40:29,192 : (Admin) R << 8=FIX.4.3|9=57|35=0|34=205|49=CLIENT|52=20251128-19:40:29.000|56=SERVER|10=209|
2025-11-28 11:40:29,193 : (Admin) S >> 8=FIX.4.3|9=57|35=0|34=205|49=SERVER|52=20251128-19:40:29.000|56=CLIENT|10=209|
2025-11-28 11:40:59,164 : (Admin) S >> 8=FIX.4.3|9=57|35=0|34=206|49=SERVER|52=20251128-19:40:59.000|56=CLIENT|10=213|
2025-11-28 11:40:59,167 : (Admin) R << 8=FIX.4.3|9=57|35=0|34=206|49=CLIENT|52=20251128-19:40:59.000|56=SERVER|10=213|
2025-11-28 11:41:29,456 : (Admin) S >> 8=FIX.4.3|9=57|35=0|34=207|49=SERVER|52=20251128-19:41:29.000|56=CLIENT|10=212|
2025-11-28 11:41:29,459 : (Admin) R << 8=FIX.4.3|9=57|35=0|34=207|49=CLIENT|52=20251128-19:41:29.000|56=SERVER|10=212|
2025-11-28 11:41:59,089 : (Admin) R << 8=FIX.4.3|9=57|35=0|34=208|49=CLIENT|52=20251128-19:41:59.000|56=SERVER|10=216|
2025-11-28 11:41:59,090 : (Admin) S >> 8=FIX.4.3|9=57|35=0|34=208|49=SERVER|52=20251128-19:41:59.000|56=CLIENT|10=216|
2025-11-28 11:42:29,067 : (Admin) S >> 8=FIX.4.3|9=57|35=0|34=209|49=SERVER|52=20251128-19:42:29.000|56=CLIENT|10=215|
2025-11-28 11:42:29,070 : (Admin) R << 8=FIX.4.3|9=57|35=0|34=209|49=CLIENT|52=20251128-19:42:29.000|56=SERVER|10=215|
2025-11-28 11:42:59,368 : (Admin) S >> 8=FIX.4.3|9=57|35=0|34=210|49=SERVER|52=20251128-19:42:59.000|56=CLIENT|10=210|
2025-11-28 11:42:59,371 : (Admin) R << 8=FIX.4.3|9=57|35=0|34=210|49=CLIENT|52=20251128-19:42:59.000|56=SERVER|10=210|
2025-11-28 11:43:29,634 : (Admin) S >> 8=FIX.4.3|9=57|35=0|34=211|49=SERVER|52=20251128-19:43:29.000|56=CLIENT|10=209|
2025-11-28 11:43:29,637 : (Admin) R << 8=FIX.4.3|9=57|35=0|34=211|49=CLIENT|52=20251128-19:43:29.000|56=SERVER|10=209|
2025-11-28 11:43:59,278 : (Admin) R << 8=FIX.4.3|9=57|35=0|34=212|49=CLIENT|52=20251128-19:43:59.000|56=SERVER|10=213|
2025-11-28 11:43:59,280 : (Admin) S >> 8=FIX.4.3|9=57|35=0|34=212|49=SERVER|52=20251128-19:43:59.000|56=CLIENT|10=213|
2025-11-28 11:44:29,186 : (Admin) S >> 8=FIX.4.3|9=57|35=0|34=213|49=SERVER|52=20251128-19:44:29.000|56=CLIENT|10=212|
2025-11-28 11:44:29,188 : (Admin) R << 8=FIX.4.3|9=57|35=0|34=213|49=CLIENT|52=20251128-19:44:29.000|56=SERVER|10=212|
2025-11-28 11:44:59,405 : (Admin) S >> 8=FIX.4.3|9=57|35=0|34=214|49=SERVER|52=20251128-19:44:59.000|56=CLIENT|10=216|
2025-11-28 11:44:59,407 : (Admin) R << 8=FIX.4.3|9=57|35=0|34=214|49=CLIENT|52=20251128-19:44:59.000|56=SERVER|10=216|
2025-11-28 11:45:29,640 : (Admin) S >> 8=FIX.4.3|9=57|35=0|34=215|49=SERVER|52=20251128-19:45:29.000|56=CLIENT|10=215|
2025-11-28 11:45:29,643 : (Admin) R << 8=FIX.4.3|9=57|35=0|34=215|49=CLIENT|52=20251128-19:45:29.000|56=SERVER|10=215|
2025-11-28 11:45:59,252 : (Admin) R << 8=FIX.4.3|9=57|35=0|34=216|49=CLIENT|52=20251128-19:45:59.000|56=SERVER|10=219|
2025-11-28 11:45:59,254 : (Admin) S >> 8=FIX.4.3|9=57|35=0|34=216|49=SERVER|52=20251128-19:45:59.000|56=CLIENT|10=219|
2025-11-28 11:46:29,113 : (Admin) S >> 8=FIX.4.3|9=57|35=0|34=217|49=SERVER|52=20251128-19:46:29.000|56=CLIENT|10=218|
2025-11-28 11:46:29,116 : (Admin) R << 8=FIX.4.3|9=57|35=0|34=217|49=CLIENT|52=20251128-19:46:29.000|56=SERVER|10=218|
2025-11-28 11:46:59,348 : (Admin) S >> 8=FIX.4.3|9=57|35=0|34=218|49=SERVER|52=20251128-19:46:59.000|56=CLIENT|10=222|
2025-11-28 11:46:59,351 : (Admin) R << 8=FIX.4.3|9=57|35=0|34=218|49=CLIENT|52=20251128-19:46:59.000|56=SERVER|10=222|
2025-11-28 11:47:29,601 : (Admin) S >> 8=FIX.4.3|9=57|35=0|34=219|49=SERVER|52=20251128-19:47:29.000|56=CLIENT|10=221|
2025-11-28 11:47:29,605 : (Admin) R << 8=FIX.4.3|9=57|35=0|34=219|49=CLIENT|52=20251128-19:47:29.000|56=SERVER|10=221|
2025-11-28 11:47:59,239 : (Admin) R << 8=FIX.4.3|9=57|35=0|34=220|49=CLIENT|52=20251128-19:47:59.000|56=SERVER|10=216|
2025-11-28 11:47:59,240 : (Admin) S >> 8=FIX.4.3|9=57|35=0|34=220|49=SERVER|52=20251128-19:47:59.000|56=CLIENT|10=216|
2025-11-28 11:48:29,161 : (Admin) S >> 8=FIX.4.3|9=57|35=0|34=221|49=SERVER|52=20251128-19:48:29.000|56=CLIENT|10=215|
2025-11-28 11:48:29,164 : (Admin) R << 8=FIX.4.3|9=57|35=0|34=221|49=CLIENT|52=20251128-19:48:29.000|56=SERVER|10=215|
2025-11-28 11:48:59,411 : (Admin) S >> 8=FIX.4.3|9=57|35=0|34=222|49=SERVER|52=20251128-19:48:59.000|56=CLIENT|10=219|
2025-11-28 11:48:59,414 : (Admin) R << 8=FIX.4.3|9=57|35=0|34=222|49=CLIENT|52=20251128-19:48:59.000|56=SERVER|10=219|
2025-11-28 11:49:29,034 : (Admin) R << 8=FIX.4.3|9=57|35=0|34=223|49=CLIENT|52=20251128-19:49:29.000|56=SERVER|10=218|
2025-11-28 11:49:29,035 : (Admin) S >> 8=FIX.4.3|9=57|35=0|34=223|49=SERVER|52=20251128-19:49:29.000|56=CLIENT|10=218|
2025-11-28 11:49:59,306 : (Admin) R << 8=FIX.4.3|9=57|35=0|34=224|49=CLIENT|52=20251128-19:49:59.000|56=SERVER|10=222|
2025-11-28 11:49:59,306 : (Admin) S >> 8=FIX.4.3|9=57|35=0|34=224|49=SERVER|52=20251128-19:49:59.000|56=CLIENT|10=222|
2025-11-28 11:50:29,194 : (Admin) S >> 8=FIX.4.3|9=57|35=0|34=225|49=SERVER|52=20251128-19:50:29.000|56=CLIENT|10=212|
2025-11-28 11:50:29,196 : (Admin) R << 8=FIX.4.3|9=57|35=0|34=225|49=CLIENT|52=20251128-19:50:29.000|56=SERVER|10=212|
2025-11-28 11:50:59,452 : (Admin) S >> 8=FIX.4.3|9=57|35=0|34=226|49=SERVER|52=20251128-19:50:59.000|56=CLIENT|10=216|
2025-11-28 11:50:59,455 : (Admin) R << 8=FIX.4.3|9=57|35=0|34=226|49=CLIENT|52=20251128-19:50:59.000|56=SERVER|10=216|
2025-11-28 11:51:29,063 : (Admin) R << 8=FIX.4.3|9=57|35=0|34=227|49=CLIENT|52=20251128-19:51:29.000|56=SERVER|10=215|
2025-11-28 11:51:29,064 : (Admin) S >> 8=FIX.4.3|9=57|35=0|34=227|49=SERVER|52=20251128-19:51:29.000|56=CLIENT|10=215|
2025-11-28 11:51:59,332 : (Admin) R << 8=FIX.4.3|9=57|35=0|34=228|49=CLIENT|52=20251128-19:51:59.000|56=SERVER|10=219|
2025-11-28 11:51:59,332 : (Admin) S >> 8=FIX.4.3|9=57|35=0|34=228|49=SERVER|52=20251128-19:51:59.000|56=CLIENT|10=219|
2025-11-28 11:52:29,226 : (Admin) S >> 8=FIX.4.3|9=57|35=0|34=229|49=SERVER|52=20251128-19:52:29.000|56=CLIENT|10=218|
2025-11-28 11:52:29,230 : (Admin) R << 8=FIX.4.3|9=57|35=0|34=229|49=CLIENT|52=20251128-19:52:29.000|56=SERVER|10=218|
2025-11-28 11:52:59,452 : (Admin) S >> 8=FIX.4.3|9=57|35=0|34=230|49=SERVER|52=20251128-19:52:59.000|56=CLIENT|10=213|
2025-11-28 11:52:59,455 : (Admin) R << 8=FIX.4.3|9=57|35=0|34=230|49=CLIENT|52=20251128-19:52:59.000|56=SERVER|10=213|
2025-11-28 11:53:29,052 : (Admin) R << 8=FIX.4.3|9=57|35=0|34=231|49=CLIENT|52=20251128-19:53:29.000|56=SERVER|10=212|
2025-11-28 11:53:29,053 : (Admin) S >> 8=FIX.4.3|9=57|35=0|34=231|49=SERVER|52=20251128-19:53:29.000|56=CLIENT|10=212|
2025-11-28 11:53:59,339 : (Admin) R << 8=FIX.4.3|9=57|35=0|34=232|49=CLIENT|52=20251128-19:53:59.000|56=SERVER|10=216|
2025-11-28 11:53:59,340 : (Admin) S >> 8=FIX.4.3|9=57|35=0|34=232|49=SERVER|52=20251128-19:53:59.000|56=CLIENT|10=216|
2025-11-28 11:54:29,218 : (Admin) S >> 8=FIX.4.3|9=57|35=0|34=233|49=SERVER|52=20251128-19:54:29.000|56=CLIENT|10=215|
2025-11-28 11:54:29,220 : (Admin) R << 8=FIX.4.3|9=57|35=0|34=233|49=CLIENT|52=20251128-19:54:29.000|56=SERVER|10=215|
2025-11-28 11:54:59,466 : (Admin) S >> 8=FIX.4.3|9=57|35=0|34=234|49=SERVER|52=20251128-19:54:59.000|56=CLIENT|10=219|
2025-11-28 11:54:59,469 : (Admin) R << 8=FIX.4.3|9=57|35=0|34=234|49=CLIENT|52=20251128-19:54:59.000|56=SERVER|10=219|
2025-11-28 11:55:29,094 : (Admin) R << 8=FIX.4.3|9=57|35=0|34=235|49=CLIENT|52=20251128-19:55:29.000|56=SERVER|10=218|
2025-11-28 11:55:29,095 : (Admin) S >> 8=FIX.4.3|9=57|35=0|34=235|49=SERVER|52=20251128-19:55:29.000|56=CLIENT|10=218|
2025-11-28 11:55:59,322 : (Admin) R << 8=FIX.4.3|9=57|35=0|34=236|49=CLIENT|52=20251128-19:55:59.000|56=SERVER|10=222|
2025-11-28 11:55:59,323 : (Admin) S >> 8=FIX.4.3|9=57|35=0|34=236|49=SERVER|52=20251128-19:55:59.000|56=CLIENT|10=222|
2025-11-28 11:56:29,189 : (Admin) S >> 8=FIX.4.3|9=57|35=0|34=237|49=SERVER|52=20251128-19:56:29.000|56=CLIENT|10=221|
2025-11-28 11:56:29,192 : (Admin) R << 8=FIX.4.3|9=57|35=0|34=237|49=CLIENT|52=20251128-19:56:29.000|56=SERVER|10=221|
2025-11-28 11:56:59,450 : (Admin) S >> 8=FIX.4.3|9=57|35=0|34=238|49=SERVER|52=20251128-19:56:59.000|56=CLIENT|10=225|
2025-11-28 11:56:59,453 : (Admin) R << 8=FIX.4.3|9=57|35=0|34=238|49=CLIENT|52=20251128-19:56:59.000|56=SERVER|10=225|
2025-11-28 11:57:29,084 : (Admin) R << 8=FIX.4.3|9=57|35=0|34=239|49=CLIENT|52=20251128-19:57:29.000|56=SERVER|10=224|
2025-11-28 11:57:29,085 : (Admin) S >> 8=FIX.4.3|9=57|35=0|34=239|49=SERVER|52=20251128-19:57:29.000|56=CLIENT|10=224|
2025-11-28 11:57:59,302 : (Admin) R << 8=FIX.4.3|9=57|35=0|34=240|49=CLIENT|52=20251128-19:57:59.000|56=SERVER|10=219|
2025-11-28 11:57:59,303 : (Admin) S >> 8=FIX.4.3|9=57|35=0|34=240|49=SERVER|52=20251128-19:57:59.000|56=CLIENT|10=219|
2025-11-28 11:58:29,210 : (Admin) S >> 8=FIX.4.3|9=57|35=0|34=241|49=SERVER|52=20251128-19:58:29.000|56=CLIENT|10=218|
2025-11-28 11:58:29,213 : (Admin) R << 8=FIX.4.3|9=57|35=0|34=241|49=CLIENT|52=20251128-19:58:29.000|56=SERVER|10=218|
2025-11-28 11:58:59,429 : (Admin) S >> 8=FIX.4.3|9=57|35=0|34=242|49=SERVER|52=20251128-19:58:59.000|56=CLIENT|10=222|
2025-11-28 11:58:59,432 : (Admin) R << 8=FIX.4.3|9=57|35=0|34=242|49=CLIENT|52=20251128-19:58:59.000|56=SERVER|10=222|
2025-11-28 11:59:29,019 : (Admin) R << 8=FIX.4.3|9=57|35=0|34=243|49=CLIENT|52=20251128-19:59:29.000|56=SERVER|10=221|
2025-11-28 11:59:29,020 : (Admin) S >> 8=FIX.4.3|9=57|35=0|34=243|49=SERVER|52=20251128-19:59:29.000|56=CLIENT|10=221|
2025-11-28 11:59:59,255 : (Admin) R << 8=FIX.4.3|9=57|35=0|34=244|49=CLIENT|52=20251128-19:59:59.000|56=SERVER|10=225|
2025-11-28 11:59:59,255 : (Admin) S >> 8=FIX.4.3|9=57|35=0|34=244|49=SERVER|52=20251128-19:59:59.000|56=CLIENT|10=225|
2025-11-28 12:00:29,211 : (Admin) S >> 8=FIX.4.3|9=57|35=0|34=245|49=SERVER|52=20251128-20:00:29.000|56=CLIENT|10=201|
2025-11-28 12:00:29,214 : (Admin) R << 8=FIX.4.3|9=57|35=0|34=245|49=CLIENT|52=20251128-20:00:29.000|56=SERVER|10=201|
2025-11-28 12:00:59,472 : (Admin) S >> 8=FIX.4.3|9=57|35=0|34=246|49=SERVER|52=20251128-20:00:59.000|56=CLIENT|10=205|
2025-11-28 12:00:59,475 : (Admin) R << 8=FIX.4.3|9=57|35=0|34=246|49=CLIENT|52=20251128-20:00:59.000|56=SERVER|10=205|
2025-11-28 12:01:29,070 : (Admin) R << 8=FIX.4.3|9=57|35=0|34=247|49=CLIENT|52=20251128-20:01:29.000|56=SERVER|10=204|
2025-11-28 12:01:29,070 : (Admin) S >> 8=FIX.4.3|9=57|35=0|34=247|49=SERVER|52=20251128-20:01:29.000|56=CLIENT|10=204|
2025-11-28 12:01:59,012 : (Admin) S >> 8=FIX.4.3|9=57|35=0|34=248|49=SERVER|52=20251128-20:01:59.000|56=CLIENT|10=208|
2025-11-28 12:01:59,013 : (Admin) R << 8=FIX.4.3|9=57|35=0|34=248|49=CLIENT|52=20251128-20:01:59.000|56=SERVER|10=208|
2025-11-28 12:02:29,249 : (Admin) S >> 8=FIX.4.3|9=57|35=0|34=249|49=SERVER|52=20251128-20:02:29.000|56=CLIENT|10=207|
2025-11-28 12:02:29,251 : (Admin) R << 8=FIX.4.3|9=57|35=0|34=249|49=CLIENT|52=20251128-20:02:29.000|56=SERVER|10=207|
2025-11-28 12:02:59,504 : (Admin) S >> 8=FIX.4.3|9=57|35=0|34=250|49=SERVER|52=20251128-20:02:59.000|56=CLIENT|10=202|
2025-11-28 12:02:59,506 : (Admin) R << 8=FIX.4.3|9=57|35=0|34=250|49=CLIENT|52=20251128-20:02:59.000|56=SERVER|10=202|
2025-11-28 12:03:29,134 : (Admin) R << 8=FIX.4.3|9=57|35=0|34=251|49=CLIENT|52=20251128-20:03:29.000|56=SERVER|10=201|
2025-11-28 12:03:29,135 : (Admin) S >> 8=FIX.4.3|9=57|35=0|34=251|49=SERVER|52=20251128-20:03:29.000|56=CLIENT|10=201|
2025-11-28 12:03:59,082 : (Admin) S >> 8=FIX.4.3|9=57|35=0|34=252|49=SERVER|52=20251128-20:03:59.000|56=CLIENT|10=205|
2025-11-28 12:03:59,086 : (Admin) R << 8=FIX.4.3|9=57|35=0|34=252|49=CLIENT|52=20251128-20:03:59.000|56=SERVER|10=205|
2025-11-28 12:04:29,360 : (Admin) S >> 8=FIX.4.3|9=57|35=0|34=253|49=SERVER|52=20251128-20:04:29.000|56=CLIENT|10=204|
2025-11-28 12:04:29,363 : (Admin) R << 8=FIX.4.3|9=57|35=0|34=253|49=CLIENT|52=20251128-20:04:29.000|56=SERVER|10=204|
2025-11-28 12:04:59,643 : (Admin) S >> 8=FIX.4.3|9=57|35=0|34=254|49=SERVER|52=20251128-20:04:59.000|56=CLIENT|10=208|
2025-11-28 12:04:59,647 : (Admin) R << 8=FIX.4.3|9=57|35=0|34=254|49=CLIENT|52=20251128-20:04:59.000|56=SERVER|10=208|
2025-11-28 12:05:29,239 : (Admin) R << 8=FIX.4.3|9=57|35=0|34=255|49=CLIENT|52=20251128-20:05:29.000|56=SERVER|10=207|
2025-11-28 12:05:29,240 : (Admin) S >> 8=FIX.4.3|9=57|35=0|34=255|49=SERVER|52=20251128-20:05:29.000|56=CLIENT|10=207|
2025-11-28 12:05:59,249 : (Admin) S >> 8=FIX.4.3|9=57|35=0|34=256|49=SERVER|52=20251128-20:05:59.000|56=CLIENT|10=211|
2025-11-28 12:05:59,253 : (Admin) R << 8=FIX.4.3|9=57|35=0|34=256|49=CLIENT|52=20251128-20:05:59.000|56=SERVER|10=211|
2025-11-28 12:06:29,531 : (Admin) S >> 8=FIX.4.3|9=57|35=0|34=257|49=SERVER|52=20251128-20:06:29.000|56=CLIENT|10=210|
2025-11-28 12:06:29,534 : (Admin) R << 8=FIX.4.3|9=57|35=0|34=257|49=CLIENT|52=20251128-20:06:29.000|56=SERVER|10=210|
2025-11-28 12:06:59,163 : (Admin) R << 8=FIX.4.3|9=57|35=0|34=258|49=CLIENT|52=20251128-20:06:59.000|56=SERVER|10=214|
2025-11-28 12:06:59,164 : (Admin) S >> 8=FIX.4.3|9=57|35=0|34=258|49=SERVER|52=20251128-20:06:59.000|56=CLIENT|10=214|
2025-11-28 12:07:29,114 : (Admin) S >> 8=FIX.4.3|9=57|35=0|34=259|49=SERVER|52=20251128-20:07:29.000|56=CLIENT|10=213|
2025-11-28 12:07:29,117 : (Admin) R << 8=FIX.4.3|9=57|35=0|34=259|49=CLIENT|52=20251128-20:07:29.000|56=SERVER|10=213|
2025-11-28 12:07:59,421 : (Admin) S >> 8=FIX.4.3|9=57|35=0|34=260|49=SERVER|52=20251128-20:07:59.000|56=CLIENT|10=208|
2025-11-28 12:07:59,424 : (Admin) R << 8=FIX.4.3|9=57|35=0|34=260|49=CLIENT|52=20251128-20:07:59.000|56=SERVER|10=208|
2025-11-28 12:08:29,102 : (Admin) R << 8=FIX.4.3|9=57|35=0|34=261|49=CLIENT|52=20251128-20:08:29.000|56=SERVER|10=207|
2025-11-28 12:08:29,103 : (Admin) S >> 8=FIX.4.3|9=57|35=0|34=261|49=SERVER|52=20251128-20:08:29.000|56=CLIENT|10=207|
2025-11-28 12:08:59,007 : (Admin) S >> 8=FIX.4.3|9=57|35=0|34=262|49=SERVER|52=20251128-20:08:59.000|56=CLIENT|10=211|
2025-11-28 12:08:59,008 : (Admin) R << 8=FIX.4.3|9=57|35=0|34=262|49=CLIENT|52=20251128-20:08:59.000|56=SERVER|10=211|
2025-11-28 12:09:29,300 : (Admin) S >> 8=FIX.4.3|9=57|35=0|34=263|49=SERVER|52=20251128-20:09:29.000|56=CLIENT|10=210|
2025-11-28 12:09:29,303 : (Admin) R << 8=FIX.4.3|9=57|35=0|34=263|49=CLIENT|52=20251128-20:09:29.000|56=SERVER|10=210|
2025-11-28 12:09:59,025 : (Admin) R << 8=FIX.4.3|9=57|35=0|34=264|49=CLIENT|52=20251128-20:09:59.000|56=SERVER|10=214|
2025-11-28 12:09:59,026 : (Admin) S >> 8=FIX.4.3|9=57|35=0|34=264|49=SERVER|52=20251128-20:09:59.000|56=CLIENT|10=214|
2025-11-28 12:10:29,332 : (Admin) R << 8=FIX.4.3|9=57|35=0|34=265|49=CLIENT|52=20251128-20:10:29.000|56=SERVER|10=204|
2025-11-28 12:10:29,333 : (Admin) S >> 8=FIX.4.3|9=57|35=0|34=265|49=SERVER|52=20251128-20:10:29.000|56=CLIENT|10=204|
2025-11-28 12:10:59,281 : (Admin) S >> 8=FIX.4.3|9=57|35=0|34=266|49=SERVER|52=20251128-20:10:59.000|56=CLIENT|10=208|
2025-11-28 12:10:59,284 : (Admin) R << 8=FIX.4.3|9=57|35=0|34=266|49=CLIENT|52=20251128-20:10:59.000|56=SERVER|10=208|
2025-11-28 12:11:29,598 : (Admin) S >> 8=FIX.4.3|9=57|35=0|34=267|49=SERVER|52=20251128-20:11:29.000|56=CLIENT|10=207|
2025-11-28 12:11:29,601 : (Admin) R << 8=FIX.4.3|9=57|35=0|34=267|49=CLIENT|52=20251128-20:11:29.000|56=SERVER|10=207|
2025-11-28 12:11:59,265 : (Admin) R << 8=FIX.4.3|9=57|35=0|34=268|49=CLIENT|52=20251128-20:11:59.000|56=SERVER|10=211|
2025-11-28 12:11:59,266 : (Admin) S >> 8=FIX.4.3|9=57|35=0|34=268|49=SERVER|52=20251128-20:11:59.000|56=CLIENT|10=211|
2025-11-28 12:12:29,235 : (Admin) S >> 8=FIX.4.3|9=57|35=0|34=269|49=SERVER|52=20251128-20:12:29.000|56=CLIENT|10=210|
2025-11-28 12:12:29,238 : (Admin) R << 8=FIX.4.3|9=57|35=0|34=269|49=CLIENT|52=20251128-20:12:29.000|56=SERVER|10=210|
2025-11-28 12:12:59,564 : (Admin) S >> 8=FIX.4.3|9=57|35=0|34=270|49=SERVER|52=20251128-20:12:59.000|56=CLIENT|10=205|
2025-11-28 12:12:59,567 : (Admin) R << 8=FIX.4.3|9=57|35=0|34=270|49=CLIENT|52=20251128-20:12:59.000|56=SERVER|10=205|
2025-11-28 12:13:29,204 : (Admin) R << 8=FIX.4.3|9=57|35=0|34=271|49=CLIENT|52=20251128-20:13:29.000|56=SERVER|10=204|
2025-11-28 12:13:29,205 : (Admin) S >> 8=FIX.4.3|9=57|35=0|34=271|49=SERVER|52=20251128-20:13:29.000|56=CLIENT|10=204|
2025-11-28 12:13:59,187 : (Admin) S >> 8=FIX.4.3|9=57|35=0|34=272|49=SERVER|52=20251128-20:13:59.000|56=CLIENT|10=208|
2025-11-28 12:13:59,190 : (Admin) R << 8=FIX.4.3|9=57|35=0|34=272|49=CLIENT|52=20251128-20:13:59.000|56=SERVER|10=208|
2025-11-28 12:14:29,511 : (Admin) S >> 8=FIX.4.3|9=57|35=0|34=273|49=SERVER|52=20251128-20:14:29.000|56=CLIENT|10=207|
2025-11-28 12:14:29,515 : (Admin) R << 8=FIX.4.3|9=57|35=0|34=273|49=CLIENT|52=20251128-20:14:29.000|56=SERVER|10=207|
2025-11-28 12:14:59,184 : (Admin) R << 8=FIX.4.3|9=57|35=0|34=274|49=CLIENT|52=20251128-20:14:59.000|56=SERVER|10=211|
2025-11-28 12:14:59,185 : (Admin) S >> 8=FIX.4.3|9=57|35=0|34=274|49=SERVER|52=20251128-20:14:59.000|56=CLIENT|10=211|
2025-11-28 12:15:29,143 : (Admin) S >> 8=FIX.4.3|9=57|35=0|34=275|49=SERVER|52=20251128-20:15:29.000|56=CLIENT|10=210|
2025-11-28 12:15:29,146 : (Admin) R << 8=FIX.4.3|9=57|35=0|34=275|49=CLIENT|52=20251128-20:15:29.000|56=SERVER|10=210|
2025-11-28 12:15:59,466 : (Admin) S >> 8=FIX.4.3|9=57|35=0|34=276|49=SERVER|52=20251128-20:15:59.000|56=CLIENT|10=214|
2025-11-28 12:15:59,468 : (Admin) R << 8=FIX.4.3|9=57|35=0|34=276|49=CLIENT|52=20251128-20:15:59.000|56=SERVER|10=214|
2025-11-28 12:16:29,130 : (Admin) R << 8=FIX.4.3|9=57|35=0|34=277|49=CLIENT|52=20251128-20:16:29.000|56=SERVER|10=213|
2025-11-28 12:16:29,130 : (Admin) S >> 8=FIX.4.3|9=57|35=0|34=277|49=SERVER|52=20251128-20:16:29.000|56=CLIENT|10=213|
2025-11-28 12:16:59,146 : (Admin) S >> 8=FIX.4.3|9=57|35=0|34=278|49=SERVER|52=20251128-20:16:59.000|56=CLIENT|10=217|
2025-11-28 12:16:59,149 : (Admin) R << 8=FIX.4.3|9=57|35=0|34=278|49=CLIENT|52=20251128-20:16:59.000|56=SERVER|10=217|
2025-11-28 12:17:29,451 : (Admin) S >> 8=FIX.4.3|9=57|35=0|34=279|49=SERVER|52=20251128-20:17:29.000|56=CLIENT|10=216|
2025-11-28 12:17:29,454 : (Admin) R << 8=FIX.4.3|9=57|35=0|34=279|49=CLIENT|52=20251128-20:17:29.000|56=SERVER|10=216|
2025-11-28 12:17:59,103 : (Admin) R << 8=FIX.4.3|9=57|35=0|34=280|49=CLIENT|52=20251128-20:17:59.000|56=SERVER|10=211|
2025-11-28 12:17:59,104 : (Admin) S >> 8=FIX.4.3|9=57|35=0|34=280|49=SERVER|52=20251128-20:17:59.000|56=CLIENT|10=211|
2025-11-28 12:18:29,090 : (Admin) S >> 8=FIX.4.3|9=57|35=0|34=281|49=SERVER|52=20251128-20:18:29.000|56=CLIENT|10=210|
2025-11-28 12:18:29,094 : (Admin) R << 8=FIX.4.3|9=57|35=0|34=281|49=CLIENT|52=20251128-20:18:29.000|56=SERVER|10=210|
2025-11-28 12:18:59,345 : (Admin) S >> 8=FIX.4.3|9=57|35=0|34=282|49=SERVER|52=20251128-20:18:59.000|56=CLIENT|10=214|
2025-11-28 12:18:59,349 : (Admin) R << 8=FIX.4.3|9=57|35=0|34=282|49=CLIENT|52=20251128-20:18:59.000|56=SERVER|10=214|
2025-11-28 12:19:29,072 : (Admin) R << 8=FIX.4.3|9=57|35=0|34=283|49=CLIENT|52=20251128-20:19:29.000|56=SERVER|10=213|
2025-11-28 12:19:29,073 : (Admin) S >> 8=FIX.4.3|9=57|35=0|34=283|49=SERVER|52=20251128-20:19:29.000|56=CLIENT|10=213|
2025-11-28 12:19:59,368 : (Admin) R << 8=FIX.4.3|9=57|35=0|34=284|49=CLIENT|52=20251128-20:19:59.000|56=SERVER|10=217|
2025-11-28 12:19:59,369 : (Admin) S >> 8=FIX.4.3|9=57|35=0|34=284|49=SERVER|52=20251128-20:19:59.000|56=CLIENT|10=217|
2025-11-28 12:20:29,228 : (Admin) S >> 8=FIX.4.3|9=57|35=0|34=285|49=SERVER|52=20251128-20:20:29.000|56=CLIENT|10=207|
2025-11-28 12:20:29,230 : (Admin) R << 8=FIX.4.3|9=57|35=0|34=285|49=CLIENT|52=20251128-20:20:29.000|56=SERVER|10=207|
2025-11-28 12:20:59,527 : (Admin) S >> 8=FIX.4.3|9=57|35=0|34=286|49=SERVER|52=20251128-20:20:59.000|56=CLIENT|10=211|
2025-11-28 12:20:59,530 : (Admin) R << 8=FIX.4.3|9=57|35=0|34=286|49=CLIENT|52=20251128-20:20:59.000|56=SERVER|10=211|
2025-11-28 12:21:29,270 : (Admin) R << 8=FIX.4.3|9=57|35=0|34=287|49=CLIENT|52=20251128-20:21:29.000|56=SERVER|10=210|
2025-11-28 12:21:29,271 : (Admin) S >> 8=FIX.4.3|9=57|35=0|34=287|49=SERVER|52=20251128-20:21:29.000|56=CLIENT|10=210|
2025-11-28 12:21:59,126 : (Admin) S >> 8=FIX.4.3|9=57|35=0|34=288|49=SERVER|52=20251128-20:21:59.000|56=CLIENT|10=214|
2025-11-28 12:21:59,130 : (Admin) R << 8=FIX.4.3|9=57|35=0|34=288|49=CLIENT|52=20251128-20:21:59.000|56=SERVER|10=214|
2025-11-28 12:22:29,444 : (Admin) S >> 8=FIX.4.3|9=57|35=0|34=289|49=SERVER|52=20251128-20:22:29.000|56=CLIENT|10=213|
2025-11-28 12:22:29,447 : (Admin) R << 8=FIX.4.3|9=57|35=0|34=289|49=CLIENT|52=20251128-20:22:29.000|56=SERVER|10=213|
2025-11-28 12:22:59,186 : (Admin) R << 8=FIX.4.3|9=57|35=0|34=290|49=CLIENT|52=20251128-20:22:59.000|56=SERVER|10=208|
2025-11-28 12:22:59,187 : (Admin) S >> 8=FIX.4.3|9=57|35=0|34=290|49=SERVER|52=20251128-20:22:59.000|56=CLIENT|10=208|
2025-11-28 12:23:29,472 : (Admin) R << 8=FIX.4.3|9=57|35=0|34=291|49=CLIENT|52=20251128-20:23:29.000|56=SERVER|10=207|
2025-11-28 12:23:29,473 : (Admin) S >> 8=FIX.4.3|9=57|35=0|34=291|49=SERVER|52=20251128-20:23:29.000|56=CLIENT|10=207|
2025-11-28 12:23:59,259 : (Admin) S >> 8=FIX.4.3|9=57|35=0|34=292|49=SERVER|52=20251128-20:23:59.000|56=CLIENT|10=211|
2025-11-28 12:23:59,262 : (Admin) R << 8=FIX.4.3|9=57|35=0|34=292|49=CLIENT|52=20251128-20:23:59.000|56=SERVER|10=211|
2025-11-28 12:24:29,070 : (Admin) R << 8=FIX.4.3|9=57|35=0|34=293|49=CLIENT|52=20251128-20:24:29.000|56=SERVER|10=210|
2025-11-28 12:24:29,070 : (Admin) S >> 8=FIX.4.3|9=57|35=0|34=293|49=SERVER|52=20251128-20:24:29.000|56=CLIENT|10=210|
2025-11-28 12:24:59,389 : (Admin) R << 8=FIX.4.3|9=57|35=0|34=294|49=CLIENT|52=20251128-20:24:59.000|56=SERVER|10=214|
2025-11-28 12:24:59,390 : (Admin) S >> 8=FIX.4.3|9=57|35=0|34=294|49=SERVER|52=20251128-20:24:59.000|56=CLIENT|10=214|
2025-11-28 12:25:29,199 : (Admin) S >> 8=FIX.4.3|9=57|35=0|34=295|49=SERVER|52=20251128-20:25:29.000|56=CLIENT|10=213|
2025-11-28 12:25:29,203 : (Admin) R << 8=FIX.4.3|9=57|35=0|34=295|49=CLIENT|52=20251128-20:25:29.000|56=SERVER|10=213|
2025-11-28 12:25:59,499 : (Admin) S >> 8=FIX.4.3|9=57|35=0|34=296|49=SERVER|52=20251128-20:25:59.000|56=CLIENT|10=217|
2025-11-28 12:25:59,502 : (Admin) R << 8=FIX.4.3|9=57|35=0|34=296|49=CLIENT|52=20251128-20:25:59.000|56=SERVER|10=217|
2025-11-28 12:26:29,270 : (Admin) R << 8=FIX.4.3|9=57|35=0|34=297|49=CLIENT|52=20251128-20:26:29.000|56=SERVER|10=216|
2025-11-28 12:26:29,271 : (Admin) S >> 8=FIX.4.3|9=57|35=0|34=297|49=SERVER|52=20251128-20:26:29.000|56=CLIENT|10=216|
2025-11-28 12:26:59,158 : (Admin) S >> 8=FIX.4.3|9=57|35=0|34=298|49=SERVER|52=20251128-20:26:59.000|56=CLIENT|10=220|
2025-11-28 12:26:59,159 : (Admin) R << 8=FIX.4.3|9=57|35=0|34=298|49=CLIENT|52=20251128-20:26:59.000|56=SERVER|10=220|
2025-11-28 12:27:29,423 : (Admin) S >> 8=FIX.4.3|9=57|35=0|34=299|49=SERVER|52=20251128-20:27:29.000|56=CLIENT|10=219|
2025-11-28 12:27:29,426 : (Admin) R << 8=FIX.4.3|9=57|35=0|34=299|49=CLIENT|52=20251128-20:27:29.000|56=SERVER|10=219|
2025-11-28 12:27:59,185 : (Admin) R << 8=FIX.4.3|9=57|35=0|34=300|49=CLIENT|52=20251128-20:27:59.000|56=SERVER|10=205|
2025-11-28 12:27:59,186 : (Admin) S >> 8=FIX.4.3|9=57|35=0|34=300|49=SERVER|52=20251128-20:27:59.000|56=CLIENT|10=205|
2025-11-28 12:28:29,001 : (Admin) S >> 8=FIX.4.3|9=57|35=0|34=301|49=SERVER|52=20251128-20:28:29.000|56=CLIENT|10=204|
2025-11-28 12:28:29,005 : (Admin) R << 8=FIX.4.3|9=57|35=0|34=301|49=CLIENT|52=20251128-20:28:29.000|56=SERVER|10=204|
2025-11-28 12:28:59,313 : (Admin) S >> 8=FIX.4.3|9=57|35=0|34=302|49=SERVER|52=20251128-20:28:59.000|56=CLIENT|10=208|
2025-11-28 12:28:59,317 : (Admin) R << 8=FIX.4.3|9=57|35=0|34=302|49=CLIENT|52=20251128-20:28:59.000|56=SERVER|10=208|
2025-11-28 12:29:29,105 : (Admin) R << 8=FIX.4.3|9=57|35=0|34=303|49=CLIENT|52=20251128-20:29:29.000|56=SERVER|10=207|
2025-11-28 12:29:29,106 : (Admin) S >> 8=FIX.4.3|9=57|35=0|34=303|49=SERVER|52=20251128-20:29:29.000|56=CLIENT|10=207|
2025-11-28 12:29:59,423 : (Admin) R << 8=FIX.4.3|9=57|35=0|34=304|49=CLIENT|52=20251128-20:29:59.000|56=SERVER|10=211|
2025-11-28 12:29:59,423 : (Admin) S >> 8=FIX.4.3|9=57|35=0|34=304|49=SERVER|52=20251128-20:29:59.000|56=CLIENT|10=211|
2025-11-28 12:30:17,131 : Session (FIX.4.3:SERVER->CLIENT) logout !
