20251128-07:13:15.000000000 : Created session
20251128-17:44:04.000000000 : Created session
20251128-17:58:48.000000000 : Created session
20251128-17:59:03.000000000 : Logon contains ResetSeqNumFlag=Y, reseting sequence numbers to 1
20251128-17:59:03.000000000 : Received logon request
20251128-17:59:03.000000000 : Responding to logon request
20251128-20:30:17.000000000 : Socket Error: Connection reset by peer.
20251128-20:30:17.000000000 : Disconnecting
20251128-20:34:04.000000000 : Created session
20251128-20:34:09.000000000 : Logon contains ResetSeqNumFlag=Y, reseting sequence numbers to 1
20251128-20:34:09.000000000 : Received logon request
20251128-20:34:09.000000000 : Responding to logon request
20251129-00:44:18.000000000 : Created session
20251129-01:25:52.000000000 : Created session
20251129-01:26:19.000000000 : Logon contains ResetSeqNumFlag=Y, reseting sequence numbers to 1
20251129-01:26:19.000000000 : Received logon request
20251129-01:26:19.000000000 : Responding to logon request
20251129-01:32:57.000000000 : Socket Error: Connection reset by peer.
20251129-01:32:57.000000000 : Disconnecting
20251129-01:33:01.000000000 : Logon contains ResetSeqNumFlag=Y, reseting sequence numbers to 1
20251129-01:33:01.000000000 : Received logon request
20251129-01:33:01.000000000 : Responding to logon request
20251129-01:44:50.000000000 : Socket Error: Connection reset by peer.
20251129-01:44:50.000000000 : Disconnecting
20251129-01:51:15.000000000 : Logon contains ResetSeqNumFlag=Y, reseting sequence numbers to 1
20251129-01:51:15.000000000 : Received logon request
20251129-01:51:15.000000000 : Responding to logon request
20251129-01:55:51.000000000 : Socket Error: Connection reset by peer.
20251129-01:55:51.000000000 : Disconnecting
20251129-02:00:46.000000000 : Logon contains ResetSeqNumFlag=Y, reseting sequence numbers to 1
20251129-02:00:46.000000000 : Received logon request
20251129-02:00:46.000000000 : Responding to logon request
20251129-02:00:46.000000000 : Message 2 Rejected: Value is incorrect (out of range) for this tag:40
20251129-02:00:46.000000000 : Message 3 Rejected: Value is incorrect (out of range) for this tag:40
20251129-02:00:46.000000000 : Message 4 Rejected: Value is incorrect (out of range) for this tag:40
20251129-02:00:46.000000000 : Message 5 Rejected: Value is incorrect (out of range) for this tag:40
20251129-02:00:46.000000000 : Message 6 Rejected: Value is incorrect (out of range) for this tag:40
20251129-02:00:46.000000000 : Message 7 Rejected: Value is incorrect (out of range) for this tag:40
20251129-02:00:46.000000000 : Message 8 Rejected: Value is incorrect (out of range) for this tag:40
20251129-02:00:46.000000000 : Message 9 Rejected: Value is incorrect (out of range) for this tag:40
20251129-02:04:36.000000000 : Socket Error: Connection reset by peer.
20251129-02:04:36.000000000 : Disconnecting
20251129-02:04:40.000000000 : Logon contains ResetSeqNumFlag=Y, reseting sequence numbers to 1
20251129-02:04:40.000000000 : Received logon request
20251129-02:04:40.000000000 : Responding to logon request
20251129-02:05:09.000000000 : Message 2 Rejected: Value is incorrect (out of range) for this tag:40
20251129-02:07:10.000000000 : Socket Error: Connection reset by peer.
20251129-02:07:10.000000000 : Disconnecting
20251129-02:07:20.000000000 : Logon contains ResetSeqNumFlag=Y, reseting sequence numbers to 1
20251129-02:07:20.000000000 : Received logon request
20251129-02:07:20.000000000 : Responding to logon request
20251129-02:07:29.000000000 : Message 2 Rejected: Value is incorrect (out of range) for this tag:40
20251129-02:18:01.000000000 : Message 24 Rejected: Value is incorrect (out of range) for this tag:40
20251129-02:18:25.000000000 : Message 25 Rejected: Value is incorrect (out of range) for this tag:40
20251129-02:18:40.000000000 : Socket Error: Connection reset by peer.
20251129-02:18:40.000000000 : Disconnecting
20251129-02:18:45.000000000 : Logon contains ResetSeqNumFlag=Y, reseting sequence numbers to 1
20251129-02:18:45.000000000 : Received logon request
20251129-02:18:45.000000000 : Responding to logon request
20251129-02:18:49.000000000 : Message 2 Rejected: Value is incorrect (out of range) for this tag:40
20251129-02:19:25.000000000 : Socket Error: Connection reset by peer.
20251129-02:19:25.000000000 : Disconnecting
20251129-02:19:29.000000000 : Logon contains ResetSeqNumFlag=Y, reseting sequence numbers to 1
20251129-02:19:29.000000000 : Received logon request
20251129-02:19:29.000000000 : Responding to logon request
20251129-02:19:34.000000000 : Message 2 Rejected: Value is incorrect (out of range) for this tag:40
20251129-02:26:29.000000000 : Message 16 Rejected: Value is incorrect (out of range) for this tag:40
20251129-02:28:20.000000000 : Message 20 Rejected: Value is incorrect (out of range) for this tag:40
20251129-02:28:39.000000000 : Socket Error: Connection reset by peer.
20251129-02:28:39.000000000 : Disconnecting
20251129-02:28:43.000000000 : Logon contains ResetSeqNumFlag=Y, reseting sequence numbers to 1
20251129-02:28:43.000000000 : Received logon request
20251129-02:28:43.000000000 : Responding to logon request
20251129-02:28:47.000000000 : Message 2 Rejected: Value is incorrect (out of range) for this tag:40
20251129-02:30:48.000000000 : Socket Error: Connection reset by peer.
20251129-02:30:48.000000000 : Disconnecting
20251129-02:30:54.000000000 : Logon contains ResetSeqNumFlag=Y, reseting sequence numbers to 1
20251129-02:30:54.000000000 : Received logon request
20251129-02:30:54.000000000 : Responding to logon request
20251129-02:31:01.000000000 : Message 2 Rejected: Value is incorrect (out of range) for this tag:40
20251129-02:36:39.000000000 : Socket Error: Connection reset by peer.
20251129-02:36:39.000000000 : Disconnecting
20251129-02:36:43.000000000 : Logon contains ResetSeqNumFlag=Y, reseting sequence numbers to 1
20251129-02:36:43.000000000 : Received logon request
20251129-02:36:43.000000000 : Responding to logon request
20251129-02:36:49.000000000 : Message 2 Rejected: Value is incorrect (out of range) for this tag:40
20251129-02:37:23.000000000 : Socket Error: Connection reset by peer.
20251129-02:37:23.000000000 : Disconnecting
20251129-02:37:27.000000000 : Logon contains ResetSeqNumFlag=Y, reseting sequence numbers to 1
20251129-02:37:27.000000000 : Received logon request
20251129-02:37:27.000000000 : Responding to logon request
20251129-02:37:30.000000000 : Message 2 Rejected: Value is incorrect (out of range) for this tag:40
20251129-02:44:02.000000000 : Created session
20251129-02:44:16.000000000 : Logon contains ResetSeqNumFlag=Y, reseting sequence numbers to 1
20251129-02:44:16.000000000 : Received logon request
20251129-02:44:16.000000000 : Responding to logon request
20251129-02:44:23.000000000 : Message 2 Rejected: Value is incorrect (out of range) for this tag:40
20251129-02:45:41.000000000 : Socket Error: Connection reset by peer.
20251129-02:45:41.000000000 : Disconnecting
20251129-02:45:45.000000000 : Logon contains ResetSeqNumFlag=Y, reseting sequence numbers to 1
20251129-02:45:45.000000000 : Received logon request
20251129-02:45:45.000000000 : Responding to logon request
20251129-02:45:54.000000000 : Created session
20251129-02:46:03.000000000 : Logon contains ResetSeqNumFlag=Y, reseting sequence numbers to 1
20251129-02:46:03.000000000 : Received logon request
20251129-02:46:03.000000000 : Responding to logon request
20251129-02:47:33.000000000 : Socket Error: Connection reset by peer.
20251129-02:47:33.000000000 : Disconnecting
