2025-12-04 20:45:06,607 : (Admin) S >> 8=FIX.4.3|9=55|35=5|34=1|49=SERVER|52=20251205-04:45:06.000|56=CLIENT|10=100|
2025-12-04 20:45:06,611 : onCreate : Session (FIX.4.3:SERVER->CLIENT)
2025-12-04 20:47:55,843 : (Admin) R << 8=FIX.4.3|9=73|35=A|34=1|49=CLIENT|52=20251205-04:47:55.000|56=SERVER|98=0|108=30|141=Y|10=188|
2025-12-04 20:47:55,844 : (Admin) S >> 8=FIX.4.3|9=73|35=A|34=1|49=SERVER|52=20251205-04:47:55.000|56=CLIENT|98=0|108=30|141=Y|10=188|
2025-12-04 20:47:55,845 : Successful Logon to session 'FIX.4.3:SERVER->CLIENT'.
2025-12-04 20:47:55,942 : (App) R << 8=FIX.4.3|9=151|35=D|34=2|49=CLIENT|52=20251205-04:47:55.000|56=SERVER|11=00001|21=3|38=10000|40=2|44=100|54=1|55=MSFT|58=NewOrderSingle|59=0|60=20251204-20:47:55.941|10=082|
2025-12-04 20:47:55,943 : (App) S >> 8=FIX.4.3|9=152|35=8|34=2|49=SERVER|52=20251205-04:47:55.000|56=CLIENT|6=100|11=00001|14=10000|17=00001|31=100|32=10000|37=00001|38=10000|39=2|54=1|55=MSFT|150=2|151=0|10=248|
2025-12-04 20:47:56,040 : Session (FIX.4.3:SERVER->CLIENT) logout !
2025-12-04 22:44:33,873 : (Admin) R << 8=FIX.4.3|9=73|35=A|34=1|49=CLIENT|52=20251205-06:44:33.000|56=SERVER|98=0|108=30|141=Y|10=183|
2025-12-04 22:44:33,874 : (Admin) S >> 8=FIX.4.3|9=73|35=A|34=1|49=SERVER|52=20251205-06:44:33.000|56=CLIENT|98=0|108=30|141=Y|10=183|
2025-12-04 22:44:33,876 : Successful Logon to session 'FIX.4.3:SERVER->CLIENT'.
2025-12-04 22:44:33,976 : (App) R << 8=FIX.4.3|9=151|35=D|34=2|49=CLIENT|52=20251205-06:44:33.000|56=SERVER|11=00001|21=3|38=10000|40=2|44=100|54=1|55=MSFT|58=NewOrderSingle|59=0|60=20251204-22:44:33.973|10=077|
2025-12-04 22:44:33,978 : (App) S >> 8=FIX.4.3|9=152|35=8|34=2|49=SERVER|52=20251205-06:44:33.000|56=CLIENT|6=100|11=00001|14=10000|17=00002|31=100|32=10000|37=00002|38=10000|39=2|54=1|55=MSFT|150=2|151=0|10=245|
2025-12-04 22:44:34,020 : Session (FIX.4.3:SERVER->CLIENT) logout !
2025-12-04 22:44:52,982 : (Admin) R << 8=FIX.4.3|9=73|35=A|34=1|49=CLIENT|52=20251205-06:44:52.000|56=SERVER|98=0|108=30|141=Y|10=184|
2025-12-04 22:44:52,983 : (Admin) S >> 8=FIX.4.3|9=73|35=A|34=1|49=SERVER|52=20251205-06:44:52.000|56=CLIENT|98=0|108=30|141=Y|10=184|
2025-12-04 22:44:52,984 : Successful Logon to session 'FIX.4.3:SERVER->CLIENT'.
2025-12-04 22:44:53,088 : (App) R << 8=FIX.4.3|9=151|35=D|34=2|49=CLIENT|52=20251205-06:44:53.000|56=SERVER|11=00001|21=3|38=10000|40=2|44=100|54=1|55=MSFT|58=NewOrderSingle|59=0|60=20251204-22:44:53.086|10=076|
2025-12-04 22:44:53,089 : (App) S >> 8=FIX.4.3|9=152|35=8|34=2|49=SERVER|52=20251205-06:44:53.000|56=CLIENT|6=100|11=00001|14=10000|17=00003|31=100|32=10000|37=00003|38=10000|39=2|54=1|55=MSFT|150=2|151=0|10=249|
2025-12-04 22:44:53,138 : Session (FIX.4.3:SERVER->CLIENT) logout !
2025-12-04 22:49:53,588 : (Admin) R << 8=FIX.4.3|9=73|35=A|34=1|49=CLIENT|52=20251205-06:49:53.000|56=SERVER|98=0|108=30|141=Y|10=190|
2025-12-04 22:49:53,590 : (Admin) S >> 8=FIX.4.3|9=73|35=A|34=1|49=SERVER|52=20251205-06:49:53.000|56=CLIENT|98=0|108=30|141=Y|10=190|
2025-12-04 22:49:53,591 : Successful Logon to session 'FIX.4.3:SERVER->CLIENT'.
2025-12-04 22:49:53,697 : (App) R << 8=FIX.4.3|9=151|35=D|34=2|49=CLIENT|52=20251205-06:49:53.000|56=SERVER|11=00001|21=3|38=10000|40=2|44=100|54=1|55=MSFT|58=NewOrderSingle|59=0|60=20251204-22:49:53.695|10=092|
2025-12-04 22:49:53,698 : (App) S >> 8=FIX.4.3|9=152|35=8|34=2|49=SERVER|52=20251205-06:49:53.000|56=CLIENT|6=100|11=00001|14=10000|17=00004|31=100|32=10000|37=00004|38=10000|39=2|54=1|55=MSFT|150=2|151=0|10=000|
2025-12-04 22:49:53,764 : Session (FIX.4.3:SERVER->CLIENT) logout !
2025-12-04 22:50:35,398 : (Admin) R << 8=FIX.4.3|9=73|35=A|34=1|49=CLIENT|52=20251205-06:50:35.000|56=SERVER|98=0|108=30|141=Y|10=182|
2025-12-04 22:50:35,398 : (Admin) S >> 8=FIX.4.3|9=73|35=A|34=1|49=SERVER|52=20251205-06:50:35.000|56=CLIENT|98=0|108=30|141=Y|10=182|
2025-12-04 22:50:35,399 : Successful Logon to session 'FIX.4.3:SERVER->CLIENT'.
2025-12-04 22:50:35,496 : (App) R << 8=FIX.4.3|9=151|35=D|34=2|49=CLIENT|52=20251205-06:50:35.000|56=SERVER|11=00001|21=3|38=10000|40=2|44=100|54=1|55=MSFT|58=NewOrderSingle|59=0|60=20251204-22:50:35.494|10=073|
2025-12-04 22:50:35,498 : (App) S >> 8=FIX.4.3|9=152|35=8|34=2|49=SERVER|52=20251205-06:50:35.000|56=CLIENT|6=100|11=00001|14=10000|17=00005|31=100|32=10000|37=00005|38=10000|39=2|54=1|55=MSFT|150=2|151=0|10=250|
2025-12-04 22:50:40,396 : (App) R << 8=FIX.4.3|9=151|35=D|34=3|49=CLIENT|52=20251205-06:50:40.000|56=SERVER|11=00002|21=3|38=10000|40=2|44=100|54=1|55=MSFT|58=NewOrderSingle|59=0|60=20251204-22:50:40.395|10=067|
2025-12-04 22:50:40,398 : (App) S >> 8=FIX.4.3|9=152|35=8|34=3|49=SERVER|52=20251205-06:50:40.000|56=CLIENT|6=100|11=00002|14=10000|17=00006|31=100|32=10000|37=00006|38=10000|39=2|54=1|55=MSFT|150=2|151=0|10=250|
2025-12-04 22:50:45,407 : (App) R << 8=FIX.4.3|9=151|35=D|34=4|49=CLIENT|52=20251205-06:50:45.000|56=SERVER|11=00003|21=3|38=10000|40=2|44=100|54=1|55=MSFT|58=NewOrderSingle|59=0|60=20251204-22:50:45.407|10=073|
2025-12-04 22:50:45,408 : (App) S >> 8=FIX.4.3|9=152|35=8|34=4|49=SERVER|52=20251205-06:50:45.000|56=CLIENT|6=100|11=00003|14=10000|17=00007|31=100|32=10000|37=00007|38=10000|39=2|54=1|55=MSFT|150=2|151=0|10=003|
2025-12-04 22:50:50,420 : (App) R << 8=FIX.4.3|9=151|35=D|34=5|49=CLIENT|52=20251205-06:50:50.000|56=SERVER|11=00004|21=3|38=10000|40=2|44=100|54=1|55=MSFT|58=NewOrderSingle|59=0|60=20251204-22:50:50.413|10=064|
2025-12-04 22:50:50,422 : (App) S >> 8=FIX.4.3|9=152|35=8|34=5|49=SERVER|52=20251205-06:50:50.000|56=CLIENT|6=100|11=00004|14=10000|17=00008|31=100|32=10000|37=00008|38=10000|39=2|54=1|55=MSFT|150=2|151=0|10=003|
2025-12-04 22:50:55,438 : Session (FIX.4.3:SERVER->CLIENT) logout !
2025-12-04 22:53:16,932 : (Admin) R << 8=FIX.4.3|9=73|35=A|34=1|49=CLIENT|52=20251205-06:53:16.000|56=SERVER|98=0|108=30|141=Y|10=184|
2025-12-04 22:53:16,933 : (Admin) S >> 8=FIX.4.3|9=73|35=A|34=1|49=SERVER|52=20251205-06:53:16.000|56=CLIENT|98=0|108=30|141=Y|10=184|
2025-12-04 22:53:16,936 : Successful Logon to session 'FIX.4.3:SERVER->CLIENT'.
2025-12-04 22:53:17,030 : (App) R << 8=FIX.4.3|9=151|35=D|34=2|49=CLIENT|52=20251205-06:53:17.000|56=SERVER|11=00001|21=3|38=10000|40=2|44=100|54=1|55=MSFT|58=NewOrderSingle|59=0|60=20251204-22:53:17.029|10=073|
2025-12-04 22:53:17,031 : (App) S >> 8=FIX.4.3|9=152|35=8|34=2|49=SERVER|52=20251205-06:53:17.000|56=CLIENT|6=100|11=00001|14=10000|17=00009|31=100|32=10000|37=00009|38=10000|39=2|54=1|55=MSFT|150=2|151=0|10=005|
2025-12-04 22:53:21,940 : (App) R << 8=FIX.4.3|9=151|35=D|34=3|49=CLIENT|52=20251205-06:53:21.000|56=SERVER|11=00002|21=3|38=10000|40=2|44=100|54=1|55=MSFT|58=NewOrderSingle|59=0|60=20251204-22:53:21.939|10=075|
2025-12-04 22:53:21,940 : (App) S >> 8=FIX.4.3|9=152|35=8|34=3|49=SERVER|52=20251205-06:53:21.000|56=CLIENT|6=100|11=00002|14=10000|17=00010|31=100|32=10000|37=00010|38=10000|39=2|54=1|55=MSFT|150=2|151=0|10=242|
2025-12-04 22:53:26,948 : (App) R << 8=FIX.4.3|9=151|35=D|34=4|49=CLIENT|52=20251205-06:53:26.000|56=SERVER|11=00003|21=3|38=10000|40=2|44=100|54=1|55=MSFT|58=NewOrderSingle|59=0|60=20251204-22:53:26.947|10=086|
2025-12-04 22:53:26,949 : (App) S >> 8=FIX.4.3|9=152|35=8|34=4|49=SERVER|52=20251205-06:53:26.000|56=CLIENT|6=100|11=00003|14=10000|17=00011|31=100|32=10000|37=00011|38=10000|39=2|54=1|55=MSFT|150=2|151=0|10=251|
2025-12-04 22:53:31,966 : (App) R << 8=FIX.4.3|9=151|35=D|34=5|49=CLIENT|52=20251205-06:53:31.000|56=SERVER|11=00004|21=3|38=10000|40=2|44=100|54=1|55=MSFT|58=NewOrderSingle|59=0|60=20251204-22:53:31.960|10=075|
2025-12-04 22:53:31,967 : (App) S >> 8=FIX.4.3|9=152|35=8|34=5|49=SERVER|52=20251205-06:53:31.000|56=CLIENT|6=100|11=00004|14=10000|17=00012|31=100|32=10000|37=00012|38=10000|39=2|54=1|55=MSFT|150=2|151=0|10=251|
2025-12-04 22:53:36,985 : Session (FIX.4.3:SERVER->CLIENT) logout !
2025-12-04 22:53:47,150 : (Admin) R << 8=FIX.4.3|9=73|35=A|34=1|49=CLIENT|52=20251205-06:53:47.000|56=SERVER|98=0|108=30|141=Y|10=188|
2025-12-04 22:53:47,152 : (Admin) S >> 8=FIX.4.3|9=73|35=A|34=1|49=SERVER|52=20251205-06:53:47.000|56=CLIENT|98=0|108=30|141=Y|10=188|
2025-12-04 22:53:47,154 : Successful Logon to session 'FIX.4.3:SERVER->CLIENT'.
2025-12-04 22:53:47,250 : (App) R << 8=FIX.4.3|9=151|35=D|34=2|49=CLIENT|52=20251205-06:53:47.000|56=SERVER|11=00001|21=3|38=10000|40=2|44=100|54=1|55=MSFT|58=NewOrderSingle|59=0|60=20251204-22:53:47.249|10=083|
2025-12-04 22:53:47,250 : (App) S >> 8=FIX.4.3|9=152|35=8|34=2|49=SERVER|52=20251205-06:53:47.000|56=CLIENT|6=100|11=00001|14=10000|17=00013|31=100|32=10000|37=00013|38=10000|39=2|54=1|55=MSFT|150=2|151=0|10=254|
2025-12-04 22:53:52,150 : (App) R << 8=FIX.4.3|9=151|35=D|34=3|49=CLIENT|52=20251205-06:53:52.000|56=SERVER|11=00002|21=3|38=10000|40=2|44=100|54=1|55=MSFT|58=NewOrderSingle|59=0|60=20251204-22:53:52.149|10=076|
2025-12-04 22:53:52,151 : (App) S >> 8=FIX.4.3|9=152|35=8|34=3|49=SERVER|52=20251205-06:53:52.000|56=CLIENT|6=100|11=00002|14=10000|17=00014|31=100|32=10000|37=00014|38=10000|39=2|54=1|55=MSFT|150=2|151=0|10=254|
2025-12-04 22:53:57,156 : (App) R << 8=FIX.4.3|9=151|35=D|34=4|49=CLIENT|52=20251205-06:53:57.000|56=SERVER|11=00003|21=3|38=10000|40=2|44=100|54=1|55=MSFT|58=NewOrderSingle|59=0|60=20251204-22:53:57.155|10=085|
2025-12-04 22:53:57,157 : (App) S >> 8=FIX.4.3|9=152|35=8|34=4|49=SERVER|52=20251205-06:53:57.000|56=CLIENT|6=100|11=00003|14=10000|17=00015|31=100|32=10000|37=00015|38=10000|39=2|54=1|55=MSFT|150=2|151=0|10=007|
2025-12-04 22:54:02,168 : (App) R << 8=FIX.4.3|9=151|35=D|34=5|49=CLIENT|52=20251205-06:54:02.000|56=SERVER|11=00004|21=3|38=10000|40=2|44=100|54=1|55=MSFT|58=NewOrderSingle|59=0|60=20251204-22:54:02.163|10=068|
2025-12-04 22:54:02,170 : (App) S >> 8=FIX.4.3|9=152|35=8|34=5|49=SERVER|52=20251205-06:54:02.000|56=CLIENT|6=100|11=00004|14=10000|17=00016|31=100|32=10000|37=00016|38=10000|39=2|54=1|55=MSFT|150=2|151=0|10=002|
2025-12-04 22:54:07,195 : Session (FIX.4.3:SERVER->CLIENT) logout !
2025-12-04 22:55:59,356 : (Admin) R << 8=FIX.4.3|9=73|35=A|34=1|49=CLIENT|52=20251205-06:55:59.000|56=SERVER|98=0|108=30|141=Y|10=193|
2025-12-04 22:55:59,356 : (Admin) S >> 8=FIX.4.3|9=73|35=A|34=1|49=SERVER|52=20251205-06:55:59.000|56=CLIENT|98=0|108=30|141=Y|10=193|
2025-12-04 22:55:59,357 : Successful Logon to session 'FIX.4.3:SERVER->CLIENT'.
2025-12-04 22:55:59,460 : (App) R << 8=FIX.4.3|9=151|35=D|34=2|49=CLIENT|52=20251205-06:55:59.000|56=SERVER|11=00001|21=3|38=10000|40=2|44=100|54=1|55=MSFT|58=NewOrderSingle|59=0|60=20251204-22:55:59.453|10=090|
2025-12-04 22:55:59,461 : (App) S >> 8=FIX.4.3|9=152|35=8|34=2|49=SERVER|52=20251205-06:55:59.000|56=CLIENT|6=100|11=00001|14=10000|17=00017|31=100|32=10000|37=00017|38=10000|39=2|54=1|55=MSFT|150=2|151=0|10=011|
2025-12-04 22:56:04,360 : (App) R << 8=FIX.4.3|9=151|35=D|34=3|49=CLIENT|52=20251205-06:56:04.000|56=SERVER|11=00002|21=3|38=10000|40=2|44=100|54=1|55=MSFT|58=NewOrderSingle|59=0|60=20251204-22:56:04.359|10=079|
2025-12-04 22:56:04,361 : (App) S >> 8=FIX.4.3|9=152|35=8|34=3|49=SERVER|52=20251205-06:56:04.000|56=CLIENT|6=100|11=00002|14=10000|17=00018|31=100|32=10000|37=00018|38=10000|39=2|54=1|55=MSFT|150=2|151=0|10=006|
2025-12-04 22:56:09,372 : (App) R << 8=FIX.4.3|9=151|35=D|34=4|49=CLIENT|52=20251205-06:56:09.000|56=SERVER|11=00003|21=3|38=10000|40=2|44=100|54=1|55=MSFT|58=NewOrderSingle|59=0|60=20251204-22:56:09.372|10=086|
2025-12-04 22:56:09,373 : (App) S >> 8=FIX.4.3|9=152|35=8|34=4|49=SERVER|52=20251205-06:56:09.000|56=CLIENT|6=100|11=00003|14=10000|17=00019|31=100|32=10000|37=00019|38=10000|39=2|54=1|55=MSFT|150=2|151=0|10=015|
2025-12-04 22:56:14,386 : (App) R << 8=FIX.4.3|9=151|35=D|34=5|49=CLIENT|52=20251205-06:56:14.000|56=SERVER|11=00004|21=3|38=10000|40=2|44=100|54=1|55=MSFT|58=NewOrderSingle|59=0|60=20251204-22:56:14.379|10=087|
2025-12-04 22:56:14,388 : (App) S >> 8=FIX.4.3|9=152|35=8|34=5|49=SERVER|52=20251205-06:56:14.000|56=CLIENT|6=100|11=00004|14=10000|17=00020|31=100|32=10000|37=00020|38=10000|39=2|54=1|55=MSFT|150=2|151=0|10=253|
2025-12-04 22:56:19,406 : Session (FIX.4.3:SERVER->CLIENT) logout !
2025-12-04 23:01:27,288 : (Admin) R << 8=FIX.4.3|9=73|35=A|34=1|49=CLIENT|52=20251205-07:01:27.000|56=SERVER|98=0|108=30|141=Y|10=180|
2025-12-04 23:01:27,293 : (Admin) S >> 8=FIX.4.3|9=73|35=A|34=1|49=SERVER|52=20251205-07:01:27.000|56=CLIENT|98=0|108=30|141=Y|10=180|
2025-12-04 23:01:27,294 : Successful Logon to session 'FIX.4.3:SERVER->CLIENT'.
2025-12-04 23:01:27,398 : (App) R << 8=FIX.4.3|9=151|35=D|34=2|49=CLIENT|52=20251205-07:01:27.000|56=SERVER|11=00001|21=3|38=10000|40=2|44=100|54=1|55=MSFT|58=NewOrderSingle|59=0|60=20251204-23:01:27.397|10=071|
2025-12-04 23:01:27,399 : (App) S >> 8=FIX.4.3|9=152|35=8|34=2|49=SERVER|52=20251205-07:01:27.000|56=CLIENT|6=100|11=00001|14=10000|17=00021|31=100|32=10000|37=00021|38=10000|39=2|54=1|55=MSFT|150=2|151=0|10=244|
2025-12-04 23:01:32,289 : (App) R << 8=FIX.4.3|9=151|35=D|34=3|49=CLIENT|52=20251205-07:01:32.000|56=SERVER|11=00002|21=3|38=10000|40=2|44=100|54=1|55=MSFT|58=NewOrderSingle|59=0|60=20251204-23:01:32.288|10=064|
2025-12-04 23:01:32,289 : (App) S >> 8=FIX.4.3|9=152|35=8|34=3|49=SERVER|52=20251205-07:01:32.000|56=CLIENT|6=100|11=00002|14=10000|17=00022|31=100|32=10000|37=00022|38=10000|39=2|54=1|55=MSFT|150=2|151=0|10=244|
2025-12-04 23:01:37,294 : (App) R << 8=FIX.4.3|9=151|35=D|34=4|49=CLIENT|52=20251205-07:01:37.000|56=SERVER|11=00003|21=3|38=10000|40=2|44=100|54=1|55=MSFT|58=NewOrderSingle|59=0|60=20251204-23:01:37.292|10=071|
2025-12-04 23:01:37,295 : (App) S >> 8=FIX.4.3|9=152|35=8|34=4|49=SERVER|52=20251205-07:01:37.000|56=CLIENT|6=100|11=00003|14=10000|17=00023|31=100|32=10000|37=00023|38=10000|39=2|54=1|55=MSFT|150=2|151=0|10=253|
2025-12-04 23:01:42,301 : (App) R << 8=FIX.4.3|9=151|35=D|34=5|49=CLIENT|52=20251205-07:01:42.000|56=SERVER|11=00004|21=3|38=10000|40=2|44=100|54=1|55=MSFT|58=NewOrderSingle|59=0|60=20251204-23:01:42.295|10=068|
2025-12-04 23:01:42,303 : (App) S >> 8=FIX.4.3|9=152|35=8|34=5|49=SERVER|52=20251205-07:01:42.000|56=CLIENT|6=100|11=00004|14=10000|17=00024|31=100|32=10000|37=00024|38=10000|39=2|54=1|55=MSFT|150=2|151=0|10=253|
2025-12-04 23:01:47,341 : Session (FIX.4.3:SERVER->CLIENT) logout !
