2025-11-29 01:44:17,446 : (Admin) S >> 8=FIX.4.3|9=73|35=A|34=1|49=CLIENT|52=20251129-09:44:17.000|56=SERVER|98=0|108=30|141=Y|10=193|
2025-11-29 01:44:17,453 : (Admin) R << 8=FIX.4.3|9=73|35=A|34=1|49=SERVER|52=20251129-09:44:17.000|56=CLIENT|98=0|108=30|141=Y|10=193|
2025-11-29 01:44:20,714 : (App) S >> 8=FIX.4.3|9=151|35=D|34=2|49=CLIENT|52=20251129-09:44:20.000|56=SERVER|11=00001|21=1|38=10000|40=2|44=100|54=1|55=MSFT|58=NewOrderSingle|59=0|60=20251129-01:44:20.714|10=071|
2025-11-29 01:44:20,716 : (App) R << 8=FIX.4.3|9=152|35=8|34=2|49=SERVER|52=20251129-09:44:20.000|56=CLIENT|6=100|11=00001|14=10000|17=00003|31=100|32=10000|37=00003|38=10000|39=2|54=1|55=MSFT|150=2|151=0|10=251|
2025-11-29 01:44:50,184 : (Admin) R << 8=FIX.4.3|9=55|35=0|34=3|49=SERVER|52=20251129-09:44:50.000|56=CLIENT|10=105|
2025-11-29 01:44:50,185 : (Admin) S >> 8=FIX.4.3|9=55|35=0|34=3|49=CLIENT|52=20251129-09:44:50.000|56=SERVER|10=105|
2025-11-29 01:45:20,444 : (Admin) R << 8=FIX.4.3|9=55|35=0|34=4|49=SERVER|52=20251129-09:45:20.000|56=CLIENT|10=104|
2025-11-29 01:45:20,444 : (Admin) S >> 8=FIX.4.3|9=55|35=0|34=4|49=CLIENT|52=20251129-09:45:20.000|56=SERVER|10=104|
2025-11-29 01:45:50,251 : (Admin) S >> 8=FIX.4.3|9=55|35=0|34=5|49=CLIENT|52=20251129-09:45:50.000|56=SERVER|10=108|
2025-11-29 01:45:50,253 : (Admin) R << 8=FIX.4.3|9=55|35=0|34=5|49=SERVER|52=20251129-09:45:50.000|56=CLIENT|10=108|
2025-11-29 01:46:20,533 : (Admin) S >> 8=FIX.4.3|9=55|35=0|34=6|49=CLIENT|52=20251129-09:46:20.000|56=SERVER|10=107|
2025-11-29 01:46:20,535 : (Admin) R << 8=FIX.4.3|9=55|35=0|34=6|49=SERVER|52=20251129-09:46:20.000|56=CLIENT|10=107|
2025-11-29 01:46:50,254 : (Admin) R << 8=FIX.4.3|9=55|35=0|34=7|49=SERVER|52=20251129-09:46:50.000|56=CLIENT|10=111|
2025-11-29 01:46:50,255 : (Admin) S >> 8=FIX.4.3|9=55|35=0|34=7|49=CLIENT|52=20251129-09:46:50.000|56=SERVER|10=111|
2025-11-29 01:47:20,046 : (Admin) S >> 8=FIX.4.3|9=55|35=0|34=8|49=CLIENT|52=20251129-09:47:20.000|56=SERVER|10=110|
2025-11-29 01:47:20,054 : (Admin) R << 8=FIX.4.3|9=55|35=0|34=8|49=SERVER|52=20251129-09:47:20.000|56=CLIENT|10=110|
2025-11-29 01:47:50,305 : (Admin) S >> 8=FIX.4.3|9=55|35=0|34=9|49=CLIENT|52=20251129-09:47:50.000|56=SERVER|10=114|
2025-11-29 01:47:50,306 : (Admin) R << 8=FIX.4.3|9=55|35=0|34=9|49=SERVER|52=20251129-09:47:50.000|56=CLIENT|10=114|
2025-11-29 01:48:20,050 : (Admin) R << 8=FIX.4.3|9=56|35=0|34=10|49=SERVER|52=20251129-09:48:20.000|56=CLIENT|10=153|
2025-11-29 01:48:20,051 : (Admin) S >> 8=FIX.4.3|9=56|35=0|34=10|49=CLIENT|52=20251129-09:48:20.000|56=SERVER|10=153|
2025-11-29 01:48:50,327 : (Admin) R << 8=FIX.4.3|9=56|35=0|34=11|49=SERVER|52=20251129-09:48:50.000|56=CLIENT|10=157|
2025-11-29 01:48:50,328 : (Admin) S >> 8=FIX.4.3|9=56|35=0|34=11|49=CLIENT|52=20251129-09:48:50.000|56=SERVER|10=157|
2025-11-29 01:49:20,072 : (Admin) S >> 8=FIX.4.3|9=56|35=0|34=12|49=CLIENT|52=20251129-09:49:20.000|56=SERVER|10=156|
2025-11-29 01:49:20,074 : (Admin) R << 8=FIX.4.3|9=56|35=0|34=12|49=SERVER|52=20251129-09:49:20.000|56=CLIENT|10=156|
2025-11-29 01:49:50,355 : (Admin) S >> 8=FIX.4.3|9=56|35=0|34=13|49=CLIENT|52=20251129-09:49:50.000|56=SERVER|10=160|
2025-11-29 01:49:50,357 : (Admin) R << 8=FIX.4.3|9=56|35=0|34=13|49=SERVER|52=20251129-09:49:50.000|56=CLIENT|10=160|
2025-11-29 01:50:20,179 : (Admin) R << 8=FIX.4.3|9=56|35=0|34=14|49=SERVER|52=20251129-09:50:20.000|56=CLIENT|10=150|
2025-11-29 01:50:20,180 : (Admin) S >> 8=FIX.4.3|9=56|35=0|34=14|49=CLIENT|52=20251129-09:50:20.000|56=SERVER|10=150|
2025-11-29 01:50:50,468 : (Admin) R << 8=FIX.4.3|9=56|35=0|34=15|49=SERVER|52=20251129-09:50:50.000|56=CLIENT|10=154|
2025-11-29 01:50:50,468 : (Admin) S >> 8=FIX.4.3|9=56|35=0|34=15|49=CLIENT|52=20251129-09:50:50.000|56=SERVER|10=154|
2025-11-29 01:51:20,223 : (Admin) S >> 8=FIX.4.3|9=56|35=0|34=16|49=CLIENT|52=20251129-09:51:20.000|56=SERVER|10=153|
2025-11-29 01:51:20,225 : (Admin) R << 8=FIX.4.3|9=56|35=0|34=16|49=SERVER|52=20251129-09:51:20.000|56=CLIENT|10=153|
2025-11-29 01:51:50,016 : (Admin) R << 8=FIX.4.3|9=56|35=0|34=17|49=SERVER|52=20251129-09:51:50.000|56=CLIENT|10=157|
2025-11-29 01:51:50,018 : (Admin) S >> 8=FIX.4.3|9=56|35=0|34=17|49=CLIENT|52=20251129-09:51:50.000|56=SERVER|10=157|
2025-11-29 01:52:20,297 : (Admin) R << 8=FIX.4.3|9=56|35=0|34=18|49=SERVER|52=20251129-09:52:20.000|56=CLIENT|10=156|
2025-11-29 01:52:20,298 : (Admin) S >> 8=FIX.4.3|9=56|35=0|34=18|49=CLIENT|52=20251129-09:52:20.000|56=SERVER|10=156|
2025-11-29 01:52:50,048 : (Admin) S >> 8=FIX.4.3|9=56|35=0|34=19|49=CLIENT|52=20251129-09:52:50.000|56=SERVER|10=160|
2025-11-29 01:52:50,052 : (Admin) R << 8=FIX.4.3|9=56|35=0|34=19|49=SERVER|52=20251129-09:52:50.000|56=CLIENT|10=160|
2025-11-29 01:53:20,334 : (Admin) S >> 8=FIX.4.3|9=56|35=0|34=20|49=CLIENT|52=20251129-09:53:20.000|56=SERVER|10=150|
2025-11-29 01:53:20,335 : (Admin) R << 8=FIX.4.3|9=56|35=0|34=20|49=SERVER|52=20251129-09:53:20.000|56=CLIENT|10=150|
2025-11-29 01:53:50,116 : (Admin) R << 8=FIX.4.3|9=56|35=0|34=21|49=SERVER|52=20251129-09:53:50.000|56=CLIENT|10=154|
2025-11-29 01:53:50,117 : (Admin) S >> 8=FIX.4.3|9=56|35=0|34=21|49=CLIENT|52=20251129-09:53:50.000|56=SERVER|10=154|
2025-11-29 01:54:20,392 : (Admin) R << 8=FIX.4.3|9=56|35=0|34=22|49=SERVER|52=20251129-09:54:20.000|56=CLIENT|10=153|
2025-11-29 01:54:20,392 : (Admin) S >> 8=FIX.4.3|9=56|35=0|34=22|49=CLIENT|52=20251129-09:54:20.000|56=SERVER|10=153|
2025-11-29 01:54:50,089 : (Admin) S >> 8=FIX.4.3|9=56|35=0|34=23|49=CLIENT|52=20251129-09:54:50.000|56=SERVER|10=157|
2025-11-29 01:54:50,090 : (Admin) R << 8=FIX.4.3|9=56|35=0|34=23|49=SERVER|52=20251129-09:54:50.000|56=CLIENT|10=157|
2025-11-29 01:55:20,355 : (Admin) S >> 8=FIX.4.3|9=56|35=0|34=24|49=CLIENT|52=20251129-09:55:20.000|56=SERVER|10=156|
2025-11-29 01:55:20,357 : (Admin) R << 8=FIX.4.3|9=56|35=0|34=24|49=SERVER|52=20251129-09:55:20.000|56=CLIENT|10=156|
2025-11-29 01:55:50,166 : (Admin) R << 8=FIX.4.3|9=56|35=0|34=25|49=SERVER|52=20251129-09:55:50.000|56=CLIENT|10=160|
2025-11-29 01:55:50,167 : (Admin) S >> 8=FIX.4.3|9=56|35=0|34=25|49=CLIENT|52=20251129-09:55:50.000|56=SERVER|10=160|
2025-11-29 01:56:20,447 : (Admin) R << 8=FIX.4.3|9=56|35=0|34=26|49=SERVER|52=20251129-09:56:20.000|56=CLIENT|10=159|
2025-11-29 01:56:20,448 : (Admin) S >> 8=FIX.4.3|9=56|35=0|34=26|49=CLIENT|52=20251129-09:56:20.000|56=SERVER|10=159|
2025-11-29 01:56:50,197 : (Admin) S >> 8=FIX.4.3|9=56|35=0|34=27|49=CLIENT|52=20251129-09:56:50.000|56=SERVER|10=163|
2025-11-29 01:56:50,200 : (Admin) R << 8=FIX.4.3|9=56|35=0|34=27|49=SERVER|52=20251129-09:56:50.000|56=CLIENT|10=163|
2025-11-29 01:57:20,501 : (Admin) S >> 8=FIX.4.3|9=56|35=0|34=28|49=CLIENT|52=20251129-09:57:20.000|56=SERVER|10=162|
2025-11-29 01:57:20,505 : (Admin) R << 8=FIX.4.3|9=56|35=0|34=28|49=SERVER|52=20251129-09:57:20.000|56=CLIENT|10=162|
2025-11-29 01:57:50,307 : (Admin) R << 8=FIX.4.3|9=56|35=0|34=29|49=SERVER|52=20251129-09:57:50.000|56=CLIENT|10=166|
2025-11-29 01:57:50,307 : (Admin) S >> 8=FIX.4.3|9=56|35=0|34=29|49=CLIENT|52=20251129-09:57:50.000|56=SERVER|10=166|
2025-11-29 01:58:20,085 : (Admin) S >> 8=FIX.4.3|9=56|35=0|34=30|49=CLIENT|52=20251129-09:58:20.000|56=SERVER|10=156|
2025-11-29 01:58:20,088 : (Admin) R << 8=FIX.4.3|9=56|35=0|34=30|49=SERVER|52=20251129-09:58:20.000|56=CLIENT|10=156|
2025-11-29 01:58:50,358 : (Admin) S >> 8=FIX.4.3|9=56|35=0|34=31|49=CLIENT|52=20251129-09:58:50.000|56=SERVER|10=160|
2025-11-29 01:58:50,360 : (Admin) R << 8=FIX.4.3|9=56|35=0|34=31|49=SERVER|52=20251129-09:58:50.000|56=CLIENT|10=160|
2025-11-29 01:59:20,139 : (Admin) R << 8=FIX.4.3|9=56|35=0|34=32|49=SERVER|52=20251129-09:59:20.000|56=CLIENT|10=159|
2025-11-29 01:59:20,140 : (Admin) S >> 8=FIX.4.3|9=56|35=0|34=32|49=CLIENT|52=20251129-09:59:20.000|56=SERVER|10=159|
2025-11-29 01:59:50,425 : (Admin) R << 8=FIX.4.3|9=56|35=0|34=33|49=SERVER|52=20251129-09:59:50.000|56=CLIENT|10=163|
2025-11-29 01:59:50,427 : (Admin) S >> 8=FIX.4.3|9=56|35=0|34=33|49=CLIENT|52=20251129-09:59:50.000|56=SERVER|10=163|
2025-11-29 02:00:20,175 : (Admin) S >> 8=FIX.4.3|9=56|35=0|34=34|49=CLIENT|52=20251129-10:00:20.000|56=SERVER|10=139|
2025-11-29 02:00:20,178 : (Admin) R << 8=FIX.4.3|9=56|35=0|34=34|49=SERVER|52=20251129-10:00:20.000|56=CLIENT|10=139|
